Component: ARM Compiler 5.06 update 7 (build 960) Tool: armlink [4d3601]

==============================================================================

Section Cross References

    startup_stm32f407xx.o(STACK) refers (Special) to heapauxi.o(.text) for __use_two_region_memory
    startup_stm32f407xx.o(HEAP) refers (Special) to heapauxi.o(.text) for __use_two_region_memory
    startup_stm32f407xx.o(RESET) refers (Special) to heapauxi.o(.text) for __use_two_region_memory
    startup_stm32f407xx.o(RESET) refers to startup_stm32f407xx.o(STACK) for __initial_sp
    startup_stm32f407xx.o(RESET) refers to startup_stm32f407xx.o(.text) for Reset_Handler
    startup_stm32f407xx.o(RESET) refers to stm32f4xx_it.o(i.NMI_Handler) for NMI_Handler
    startup_stm32f407xx.o(RESET) refers to stm32f4xx_it.o(i.HardFault_Handler) for HardFault_Handler
    startup_stm32f407xx.o(RESET) refers to stm32f4xx_it.o(i.MemManage_Handler) for MemManage_Handler
    startup_stm32f407xx.o(RESET) refers to stm32f4xx_it.o(i.BusFault_Handler) for BusFault_Handler
    startup_stm32f407xx.o(RESET) refers to stm32f4xx_it.o(i.UsageFault_Handler) for UsageFault_Handler
    startup_stm32f407xx.o(RESET) refers to port.o(.emb_text) for SVC_Handler
    startup_stm32f407xx.o(RESET) refers to stm32f4xx_it.o(i.DebugMon_Handler) for DebugMon_Handler
    startup_stm32f407xx.o(RESET) refers to stm32f4xx_it.o(i.SysTick_Handler) for SysTick_Handler
    startup_stm32f407xx.o(RESET) refers to stm32f4xx_it.o(i.EXTI0_IRQHandler) for EXTI0_IRQHandler
    startup_stm32f407xx.o(RESET) refers to stm32f4xx_it.o(i.EXTI3_IRQHandler) for EXTI3_IRQHandler
    startup_stm32f407xx.o(RESET) refers to stm32f4xx_it.o(i.EXTI4_IRQHandler) for EXTI4_IRQHandler
    startup_stm32f407xx.o(RESET) refers to stm32f4xx_it.o(i.CAN1_RX0_IRQHandler) for CAN1_RX0_IRQHandler
    startup_stm32f407xx.o(RESET) refers to stm32f4xx_it.o(i.EXTI9_5_IRQHandler) for EXTI9_5_IRQHandler
    startup_stm32f407xx.o(RESET) refers to remote_control.o(i.USART3_IRQHandler) for USART3_IRQHandler
    startup_stm32f407xx.o(RESET) refers to bsp_i2c.o(i.DMA1_Stream7_IRQHandler) for DMA1_Stream7_IRQHandler
    startup_stm32f407xx.o(RESET) refers to stm32f4xx_it.o(i.DMA2_Stream1_IRQHandler) for DMA2_Stream1_IRQHandler
    startup_stm32f407xx.o(RESET) refers to stm32f4xx_it.o(i.CAN2_RX0_IRQHandler) for CAN2_RX0_IRQHandler
    startup_stm32f407xx.o(RESET) refers to stm32f4xx_it.o(i.OTG_FS_IRQHandler) for OTG_FS_IRQHandler
    startup_stm32f407xx.o(RESET) refers to stm32f4xx_it.o(i.DMA2_Stream6_IRQHandler) for DMA2_Stream6_IRQHandler
    startup_stm32f407xx.o(RESET) refers to stm32f4xx_it.o(i.DMA2_Stream7_IRQHandler) for DMA2_Stream7_IRQHandler
    startup_stm32f407xx.o(.text) refers (Special) to heapauxi.o(.text) for __use_two_region_memory
    startup_stm32f407xx.o(.text) refers to system_stm32f4xx.o(i.SystemInit) for SystemInit
    startup_stm32f407xx.o(.text) refers to __main.o(!!!main) for __main
    startup_stm32f407xx.o(.text) refers to startup_stm32f407xx.o(HEAP) for Heap_Mem
    startup_stm32f407xx.o(.text) refers to startup_stm32f407xx.o(STACK) for Stack_Mem
    main.o(i.SystemClock_Config) refers to rt_memclr_w.o(.text) for __aeabi_memclr4
    main.o(i.SystemClock_Config) refers to stm32f4xx_hal_rcc.o(i.HAL_RCC_OscConfig) for HAL_RCC_OscConfig
    main.o(i.SystemClock_Config) refers to stm32f4xx_hal_rcc.o(i.HAL_RCC_ClockConfig) for HAL_RCC_ClockConfig
    main.o(i.SystemClock_Config) refers to stm32f4xx_hal_rcc_ex.o(i.HAL_RCCEx_PeriphCLKConfig) for HAL_RCCEx_PeriphCLKConfig
    main.o(i.main) refers to stm32f4xx_hal.o(i.HAL_Init) for HAL_Init
    main.o(i.main) refers to main.o(i.SystemClock_Config) for SystemClock_Config
    main.o(i.main) refers to gpio.o(i.MX_GPIO_Init) for MX_GPIO_Init
    main.o(i.main) refers to dma.o(i.MX_DMA_Init) for MX_DMA_Init
    main.o(i.main) refers to adc.o(i.MX_ADC1_Init) for MX_ADC1_Init
    main.o(i.main) refers to adc.o(i.MX_ADC3_Init) for MX_ADC3_Init
    main.o(i.main) refers to can.o(i.MX_CAN1_Init) for MX_CAN1_Init
    main.o(i.main) refers to can.o(i.MX_CAN2_Init) for MX_CAN2_Init
    main.o(i.main) refers to i2c.o(i.MX_I2C1_Init) for MX_I2C1_Init
    main.o(i.main) refers to spi.o(i.MX_SPI1_Init) for MX_SPI1_Init
    main.o(i.main) refers to tim.o(i.MX_TIM4_Init) for MX_TIM4_Init
    main.o(i.main) refers to tim.o(i.MX_TIM5_Init) for MX_TIM5_Init
    main.o(i.main) refers to usart.o(i.MX_USART3_UART_Init) for MX_USART3_UART_Init
    main.o(i.main) refers to tim.o(i.MX_TIM8_Init) for MX_TIM8_Init
    main.o(i.main) refers to crc.o(i.MX_CRC_Init) for MX_CRC_Init
    main.o(i.main) refers to rng.o(i.MX_RNG_Init) for MX_RNG_Init
    main.o(i.main) refers to i2c.o(i.MX_I2C2_Init) for MX_I2C2_Init
    main.o(i.main) refers to i2c.o(i.MX_I2C3_Init) for MX_I2C3_Init
    main.o(i.main) refers to rtc.o(i.MX_RTC_Init) for MX_RTC_Init
    main.o(i.main) refers to tim.o(i.MX_TIM1_Init) for MX_TIM1_Init
    main.o(i.main) refers to tim.o(i.MX_TIM3_Init) for MX_TIM3_Init
[...]
    HAL_RCC_GetPCLK1Freq                     0x08002a59   Thumb Code    20  stm32f4xx_hal_rcc.o(i.HAL_RCC_GetPCLK1Freq)
    HAL_RCC_GetPCLK2Freq                     0x08002a79   Thumb Code    20  stm32f4xx_hal_rcc.o(i.HAL_RCC_GetPCLK2Freq)
    HAL_RCC_GetSysClockFreq                  0x08002a99   Thumb Code    88  stm32f4xx_hal_rcc.o(i.HAL_RCC_GetSysClockFreq)
    HAL_RCC_OscConfig                        0x08002afd   Thumb Code   770  stm32f4xx_hal_rcc.o(i.HAL_RCC_OscConfig)
    HAL_RNG_Init                             0x08002e19   Thumb Code    50  stm32f4xx_hal_rng.o(i.HAL_RNG_Init)
    HAL_RNG_MspInit                          0x08002e4d   Thumb Code    30  rng.o(i.HAL_RNG_MspInit)
    HAL_RTC_Init                             0x08002e75   Thumb Code   166  stm32f4xx_hal_rtc.o(i.HAL_RTC_Init)
    HAL_RTC_MspInit                          0x08002f21   Thumb Code    16  rtc.o(i.HAL_RTC_MspInit)
    HAL_RTC_WaitForSynchro                   0x08002f39   Thumb Code    54  stm32f4xx_hal_rtc.o(i.HAL_RTC_WaitForSynchro)
    HAL_SPI_Init                             0x08002f6f   Thumb Code   128  stm32f4xx_hal_spi.o(i.HAL_SPI_Init)
    HAL_SPI_MspInit                          0x08002ff1   Thumb Code   226  spi.o(i.HAL_SPI_MspInit)
    HAL_SYSTICK_Config                       0x080030ed   Thumb Code    40  stm32f4xx_hal_cortex.o(i.HAL_SYSTICK_Config)
    HAL_TIMEx_ConfigBreakDeadTime            0x08003115   Thumb Code    84  stm32f4xx_hal_tim_ex.o(i.HAL_TIMEx_ConfigBreakDeadTime)
    HAL_TIMEx_MasterConfigSynchronization    0x08003169   Thumb Code    66  stm32f4xx_hal_tim_ex.o(i.HAL_TIMEx_MasterConfigSynchronization)
    HAL_TIM_Base_Init                        0x080031ab   Thumb Code    54  stm32f4xx_hal_tim.o(i.HAL_TIM_Base_Init)
    HAL_TIM_Base_MspInit                     0x080031e1   Thumb Code   142  tim.o(i.HAL_TIM_Base_MspInit)
    HAL_TIM_Base_Start                       0x0800328d   Thumb Code    36  stm32f4xx_hal_tim.o(i.HAL_TIM_Base_Start)
    HAL_TIM_ConfigClockSource                0x080032b1   Thumb Code   214  stm32f4xx_hal_tim.o(i.HAL_TIM_ConfigClockSource)
    HAL_TIM_MspPostInit                      0x08003389   Thumb Code   304  tim.o(i.HAL_TIM_MspPostInit)
    HAL_TIM_PWM_ConfigChannel                0x080034ed   Thumb Code   208  stm32f4xx_hal_tim.o(i.HAL_TIM_PWM_ConfigChannel)
    HAL_TIM_PWM_Init                         0x080035bd   Thumb Code    54  stm32f4xx_hal_tim.o(i.HAL_TIM_PWM_Init)
    HAL_TIM_PWM_MspInit                      0x080035f3   Thumb Code     2  stm32f4xx_hal_tim.o(i.HAL_TIM_PWM_MspInit)
    HAL_TIM_PWM_Start                        0x080035f5   Thumb Code    58  stm32f4xx_hal_tim.o(i.HAL_TIM_PWM_Start)
    HAL_UART_Init                            0x08003639   Thumb Code    98  stm32f4xx_hal_uart.o(i.HAL_UART_Init)
    HAL_UART_MspInit                         0x0800369d   Thumb Code   508  usart.o(i.HAL_UART_MspInit)
    HardFault_Handler                        0x080038c9   Thumb Code     2  stm32f4xx_it.o(i.HardFault_Handler)
    MX_ADC1_Init                             0x08003905   Thumb Code    88  adc.o(i.MX_ADC1_Init)
    MX_ADC3_Init                             0x08003969   Thumb Code    88  adc.o(i.MX_ADC3_Init)
    MX_CAN1_Init                             0x080039cd   Thumb Code    60  can.o(i.MX_CAN1_Init)
    MX_CAN2_Init                             0x08003a11   Thumb Code    60  can.o(i.MX_CAN2_Init)
    MX_CRC_Init                              0x08003a55   Thumb Code    28  crc.o(i.MX_CRC_Init)
    MX_DMA_Init                              0x08003a79   Thumb Code   152  dma.o(i.MX_DMA_Init)
    MX_FREERTOS_Init                         0x08003b15   Thumb Code    74  freertos.o(i.MX_FREERTOS_Init)
    MX_GPIO_Init                             0x08003b69   Thumb Code   434  gpio.o(i.MX_GPIO_Init)
    MX_I2C1_Init                             0x08003d39   Thumb Code    50  i2c.o(i.MX_I2C1_Init)
    MX_I2C2_Init                             0x08003d79   Thumb Code    50  i2c.o(i.MX_I2C2_Init)
    MX_I2C3_Init                             0x08003db9   Thumb Code    50  i2c.o(i.MX_I2C3_Init)
    MX_RNG_Init                              0x08003df9   Thumb Code    28  rng.o(i.MX_RNG_Init)
    MX_RTC_Init                              0x08003e1d   Thumb Code    46  rtc.o(i.MX_RTC_Init)
    MX_SPI1_Init                             0x08003e55   Thumb Code    64  spi.o(i.MX_SPI1_Init)
    MX_TIM10_Init                            0x08003e9d   Thumb Code    92  tim.o(i.MX_TIM10_Init)
    MX_TIM1_Init                             0x08003f01   Thumb Code   244  tim.o(i.MX_TIM1_Init)
    MX_TIM3_Init                             0x08003ffd   Thumb Code   142  tim.o(i.MX_TIM3_Init)
    MX_TIM4_Init                             0x08004095   Thumb Code   144  tim.o(i.MX_TIM4_Init)
    MX_TIM5_Init                             0x0800412d   Thumb Code   174  tim.o(i.MX_TIM5_Init)
    MX_TIM8_Init                             0x080041e5   Thumb Code   212  tim.o(i.MX_TIM8_Init)
    MX_USART1_UART_Init                      0x080042c1   Thumb Code    48  usart.o(i.MX_USART1_UART_Init)
    MX_USART3_UART_Init                      0x080042f9   Thumb Code    50  usart.o(i.MX_USART3_UART_Init)
    MX_USART6_UART_Init                      0x08004339   Thumb Code    48  usart.o(i.MX_USART6_UART_Init)
    MX_USB_DEVICE_Init                       0x08004371   Thumb Code    66  usb_device.o(i.MX_USB_DEVICE_Init)
    MemManage_Handler                        0x080043c5   Thumb Code     2  stm32f4xx_it.o(i.MemManage_Handler)
    NMI_Handler                              0x080043c7   Thumb Code     2  stm32f4xx_it.o(i.NMI_Handler)
    OTG_FS_IRQHandler                        0x080043c9   Thumb Code     6  stm32f4xx_it.o(i.OTG_FS_IRQHandler)
    PID_calc                                 0x08004555   Thumb Code   292  pid.o(i.PID_calc)
    PID_init                                 0x0800467d   Thumb Code    88  pid.o(i.PID_init)
    RC_Init                                  0x080046d9   Thumb Code    84  bsp_rc.o(i.RC_Init)
    RTC_EnterInitMode                        0x08004739   Thumb Code    58  stm32f4xx_hal_rtc.o(i.RTC_EnterInitMode)
    SysTick_Handler                          0x08004773   Thumb Code    24  stm32f4xx_it.o(i.SysTick_Handler)
    SystemClock_Config                       0x0800478d   Thumb Code   144  main.o(i.SystemClock_Config)
    SystemInit                               0x08004829   Thumb Code    66  system_stm32f4xx.o(i.SystemInit)
    TIM_Base_SetConfig                       0x0800487d   Thumb Code   156  stm32f4xx_hal_tim.o(i.TIM_Base_SetConfig)
    TIM_CCxChannelCmd                        0x08004945   Thumb Code    26  stm32f4xx_hal_tim.o(i.TIM_CCxChannelCmd)
    TIM_ETR_SetConfig                        0x0800495f   Thumb Code    20  stm32f4xx_hal_tim.o(i.TIM_ETR_SetConfig)
    TIM_OC2_SetConfig                        0x080049e5   Thumb Code    98  stm32f4xx_hal_tim.o(i.TIM_OC2_SetConfig)
    USART3_IRQHandler                        0x08004dfd   Thumb Code   172  remote_control.o(i.USART3_IRQHandler)
    USBD_CDC_GetDeviceQualifierDescriptor    0x08004fa1   Thumb Code     8  usbd_cdc.o(i.USBD_CDC_GetDeviceQualifierDescriptor)
    USBD_CDC_ReceivePacket                   0x08005065   Thumb Code    40  usbd_cdc.o(i.USBD_CDC_ReceivePacket)
    USBD_CDC_RegisterInterface               0x0800508d   Thumb Code    16  usbd_cdc.o(i.USBD_CDC_RegisterInterface)
    USBD_CDC_SetRxBuffer                     0x0800509d   Thumb Code    12  usbd_cdc.o(i.USBD_CDC_SetRxBuffer)
    USBD_CDC_SetTxBuffer                     0x080050a9   Thumb Code    16  usbd_cdc.o(i.USBD_CDC_SetTxBuffer)
    USBD_ClrClassConfig                      0x08005165   Thumb Code    14  usbd_core.o(i.USBD_ClrClassConfig)
    USBD_CtlContinueRx                       0x08005173   Thumb Code    16  usbd_ioreq.o(i.USBD_CtlContinueRx)
    USBD_CtlContinueSendData                 0x08005183   Thumb Code    16  usbd_ioreq.o(i.USBD_CtlContinueSendData)
    USBD_CtlError                            0x08005193   Thumb Code    22  usbd_ctlreq.o(i.USBD_CtlError)
    USBD_CtlPrepareRx                        0x080051a9   Thumb Code    30  usbd_ioreq.o(i.USBD_CtlPrepareRx)
    USBD_CtlReceiveStatus                    0x080051c7   Thumb Code    22  usbd_ioreq.o(i.USBD_CtlReceiveStatus)
    USBD_CtlSendData                         0x080051dd   Thumb Code    26  usbd_ioreq.o(i.USBD_CtlSendData)
    USBD_CtlSendStatus                       0x080051f7   Thumb Code    22  usbd_ioreq.o(i.USBD_CtlSendStatus)
    USBD_FS_ConfigStrDescriptor              0x0800520d   Thumb Code    16  usbd_desc.o(i.USBD_FS_ConfigStrDescriptor)
    USBD_FS_DeviceDescriptor                 0x0800522d   Thumb Code     8  usbd_desc.o(i.USBD_FS_DeviceDescriptor)
    USBD_FS_InterfaceStrDescriptor           0x08005239   Thumb Code    16  usbd_desc.o(i.USBD_FS_InterfaceStrDescriptor)
    USBD_FS_LangIDStrDescriptor              0x0800525d   Thumb Code     8  usbd_desc.o(i.USBD_FS_LangIDStrDescriptor)
    USBD_FS_ManufacturerStrDescriptor        0x08005269   Thumb Code    16  usbd_desc.o(i.USBD_FS_ManufacturerStrDescriptor)
    USBD_FS_ProductStrDescriptor             0x08005291   Thumb Code    16  usbd_desc.o(i.USBD_FS_ProductStrDescriptor)
    USBD_FS_SerialStrDescriptor              0x080052bd   Thumb Code    48  usbd_desc.o(i.USBD_FS_SerialStrDescriptor)
    USBD_GetString                           0x080053dd   Thumb Code    72  usbd_ctlreq.o(i.USBD_GetString)
    USBD_Get_USB_Status                      0x08005425   Thumb Code    24  usbd_conf.o(i.USBD_Get_USB_Status)
    USBD_Init                                0x0800543d   Thumb Code    42  usbd_core.o(i.USBD_Init)
    USBD_LL_ClearStallEP                     0x08005467   Thumb Code    18  usbd_conf.o(i.USBD_LL_ClearStallEP)
    USBD_LL_CloseEP                          0x08005479   Thumb Code    18  usbd_conf.o(i.USBD_LL_CloseEP)
    USBD_LL_DataInStage                      0x0800548b   Thumb Code   198  usbd_core.o(i.USBD_LL_DataInStage)
    USBD_LL_DataOutStage                     0x08005551   Thumb Code   130  usbd_core.o(i.USBD_LL_DataOutStage)
    USBD_LL_DevConnected                     0x080055d3   Thumb Code     4  usbd_core.o(i.USBD_LL_DevConnected)
    USBD_LL_DevDisconnected                  0x080055d7   Thumb Code    22  usbd_core.o(i.USBD_LL_DevDisconnected)
    USBD_LL_GetRxDataSize                    0x080055ed   Thumb Code     8  usbd_conf.o(i.USBD_LL_GetRxDataSize)
    USBD_LL_Init                             0x080055f5   Thumb Code    90  usbd_conf.o(i.USBD_LL_Init)
    USBD_LL_IsStallEP                        0x08005655   Thumb Code    32  usbd_conf.o(i.USBD_LL_IsStallEP)
    USBD_LL_IsoINIncomplete                  0x08005675   Thumb Code     4  usbd_core.o(i.USBD_LL_IsoINIncomplete)
    USBD_LL_IsoOUTIncomplete                 0x08005679   Thumb Code     4  usbd_core.o(i.USBD_LL_IsoOUTIncomplete)
    USBD_LL_OpenEP                           0x0800567d   Thumb Code    24  usbd_conf.o(i.USBD_LL_OpenEP)
    USBD_LL_PrepareReceive                   0x08005695   Thumb Code    18  usbd_conf.o(i.USBD_LL_PrepareReceive)
    USBD_LL_Reset                            0x080056a7   Thumb Code    80  usbd_core.o(i.USBD_LL_Reset)
    USBD_LL_Resume                           0x080056f7   Thumb Code    12  usbd_core.o(i.USBD_LL_Resume)
    USBD_LL_SOF                              0x08005703   Thumb Code    24  usbd_core.o(i.USBD_LL_SOF)
    USBD_LL_SetSpeed                         0x0800571b   Thumb Code     6  usbd_core.o(i.USBD_LL_SetSpeed)
    USBD_LL_SetUSBAddress                    0x08005721   Thumb Code    18  usbd_conf.o(i.USBD_LL_SetUSBAddress)
    USBD_LL_SetupStage                       0x08005733   Thumb Code    90  usbd_core.o(i.USBD_LL_SetupStage)
    USBD_LL_StallEP                          0x0800578d   Thumb Code    18  usbd_conf.o(i.USBD_LL_StallEP)
    USBD_LL_Start                            0x0800579f   Thumb Code    18  usbd_conf.o(i.USBD_LL_Start)
    USBD_LL_Suspend                          0x080057b1   Thumb Code    18  usbd_core.o(i.USBD_LL_Suspend)
    USBD_LL_Transmit                         0x080057c3   Thumb Code    18  usbd_conf.o(i.USBD_LL_Transmit)
    USBD_ParseSetupRequest                   0x080057d5   Thumb Code    40  usbd_ctlreq.o(i.USBD_ParseSetupRequest)
    USBD_RegisterClass                       0x080057fd   Thumb Code    16  usbd_core.o(i.USBD_RegisterClass)
    USBD_SetClassConfig                      0x0800580d   Thumb Code    22  usbd_core.o(i.USBD_SetClassConfig)
    USBD_Start                               0x080058a9   Thumb Code    10  usbd_core.o(i.USBD_Start)
    USBD_StdDevReq                           0x080058b3   Thumb Code   274  usbd_ctlreq.o(i.USBD_StdDevReq)
    USBD_StdEPReq                            0x080059c5   Thumb Code   336  usbd_ctlreq.o(i.USBD_StdEPReq)
    USBD_StdItfReq                           0x08005b15   Thumb Code    78  usbd_ctlreq.o(i.USBD_StdItfReq)
    USB_ActivateEndpoint                     0x08005b65   Thumb Code   122  stm32f4xx_ll_usb.o(i.USB_ActivateEndpoint)
    USB_ActivateSetup                        0x08005be5   Thumb Code    52  stm32f4xx_ll_usb.o(i.USB_ActivateSetup)
    USB_CoreInit                             0x08005c19   Thumb Code   112  stm32f4xx_ll_usb.o(i.USB_CoreInit)
    USB_DeactivateEndpoint                   0x08005cc5   Thumb Code   118  stm32f4xx_ll_usb.o(i.USB_DeactivateEndpoint)
    USB_DevConnect                           0x08005d45   Thumb Code    24  stm32f4xx_ll_usb.o(i.USB_DevConnect)
    USB_DevDisconnect                        0x08005d5d   Thumb Code    24  stm32f4xx_ll_usb.o(i.USB_DevDisconnect)
    USB_DevInit                              0x08005d75   Thumb Code   378  stm32f4xx_ll_usb.o(i.USB_DevInit)
    USB_DisableGlobalInt                     0x08005f01   Thumb Code    12  stm32f4xx_ll_usb.o(i.USB_DisableGlobalInt)
    USB_EP0StartXfer                         0x08005f0d   Thumb Code   276  stm32f4xx_ll_usb.o(i.USB_EP0StartXfer)
    USB_EP0_OutStart                         0x08006025   Thumb Code    84  stm32f4xx_ll_usb.o(i.USB_EP0_OutStart)
    USB_EPClearStall                         0x0800607d   Thumb Code    88  stm32f4xx_ll_usb.o(i.USB_EPClearStall)
    USB_EPSetStall                           0x080060d5   Thumb Code    88  stm32f4xx_ll_usb.o(i.USB_EPSetStall)
    USB_EPStartXfer                          0x0800612d   Thumb Code   482  stm32f4xx_ll_usb.o(i.USB_EPStartXfer)
    USB_EnableGlobalInt                      0x08006315   Thumb Code    12  stm32f4xx_ll_usb.o(i.USB_EnableGlobalInt)
    USB_FlushRxFifo                          0x08006321   Thumb Code    28  stm32f4xx_ll_usb.o(i.USB_FlushRxFifo)
    USB_FlushTxFifo                          0x08006341   Thumb Code    32  stm32f4xx_ll_usb.o(i.USB_FlushTxFifo)
    USB_GetDevSpeed                          0x08006365   Thumb Code    26  stm32f4xx_ll_usb.o(i.USB_GetDevSpeed)
    USB_GetMode                              0x0800637f   Thumb Code     8  stm32f4xx_ll_usb.o(i.USB_GetMode)
    USB_ReadDevAllInEpInterrupt              0x08006387   Thumb Code    14  stm32f4xx_ll_usb.o(i.USB_ReadDevAllInEpInterrupt)
    USB_ReadDevAllOutEpInterrupt             0x08006395   Thumb Code    14  stm32f4xx_ll_usb.o(i.USB_ReadDevAllOutEpInterrupt)
    USB_ReadDevInEPInterrupt                 0x080063a3   Thumb Code    36  stm32f4xx_ll_usb.o(i.USB_ReadDevInEPInterrupt)
    USB_ReadDevOutEPInterrupt                0x080063c7   Thumb Code    16  stm32f4xx_ll_usb.o(i.USB_ReadDevOutEPInterrupt)
    USB_ReadInterrupts                       0x080063d7   Thumb Code     8  stm32f4xx_ll_usb.o(i.USB_ReadInterrupts)
    USB_ReadPacket                           0x080063df   Thumb Code    28  stm32f4xx_ll_usb.o(i.USB_ReadPacket)
    USB_SetCurrentMode                       0x080063fb   Thumb Code    46  stm32f4xx_ll_usb.o(i.USB_SetCurrentMode)
    USB_SetDevAddress                        0x08006429   Thumb Code    34  stm32f4xx_ll_usb.o(i.USB_SetDevAddress)
    USB_SetTurnaroundTime                    0x0800644d   Thumb Code   158  stm32f4xx_ll_usb.o(i.USB_SetTurnaroundTime)
    USB_WritePacket                          0x08006535   Thumb Code    36  stm32f4xx_ll_usb.o(i.USB_WritePacket)
    UsageFault_Handler                       0x08006559   Thumb Code     2  stm32f4xx_it.o(i.UsageFault_Handler)
    can_filter_init                          0x0800657d   Thumb Code    80  bsp_can.o(i.can_filter_init)
    chassis_task                             0x080066b5   Thumb Code    22  chassis_task.o(i.chassis_task)
    delay_init                               0x080066d1   Thumb Code    26  bsp_delay.o(i.delay_init)
    delay_us                                 0x080066f9   Thumb Code    48  bsp_delay.o(i.delay_us)
    get_fric_motor_measure_point             0x0800672d   Thumb Code    12  can_receive.o(i.get_fric_motor_measure_point)
    get_remote_control_point                 0x0800673d   Thumb Code     4  remote_control.o(i.get_remote_control_point)
    laser_off                                0x08006745   Thumb Code    10  bsp_laser.o(i.laser_off)
    laser_on                                 0x08006755   Thumb Code    12  bsp_laser.o(i.laser_on)
    loop_fp32_constrain                      0x08006765   Thumb Code    72  user_lib.o(i.loop_fp32_constrain)
    main                                     0x080067ad   Thumb Code   190  main.o(i.main)
    osDelay                                  0x08006881   Thumb Code    14  cmsis_os.o(i.osDelay)
    osKernelStart                            0x0800688f   Thumb Code    10  cmsis_os.o(i.osKernelStart)
    osThreadCreate                           0x08006899   Thumb Code    84  cmsis_os.o(i.osThreadCreate)
    pvPortMalloc                             0x08007045   Thumb Code   210  heap_4.o(i.pvPortMalloc)
    pxPortInitialiseStack                    0x0800711d   Thumb Code    40  port.o(i.pxPortInitialiseStack)
    remote_control_init                      0x08007149   Thumb Code    12  remote_control.o(i.remote_control_init)
    sbus_to_usart1                           0x0800720d   Thumb Code    58  remote_control.o(i.sbus_to_usart1)
    servo_speed_set                          0x08007251   Thumb Code   116  bsp_servo_pwm.o(i.servo_speed_set)
    shoot_init                               0x08007509   Thumb Code   408  shoot_task.o(i.shoot_init)
    shoot_set_control                        0x080076d1   Thumb Code   508  shoot_task.o(i.shoot_set_control)
    shoot_task                               0x08007955   Thumb Code    76  shoot_task.o(i.shoot_task)
    test_task                                0x080079a5   Thumb Code    14  freertos.o(i.test_task)
    usart1_tx_dma_enable                     0x08007a19   Thumb Code    88  bsp_usart.o(i.usart1_tx_dma_enable)
    usart1_tx_dma_init                       0x08007a7d   Thumb Code    60  bsp_usart.o(i.usart1_tx_dma_init)
    uxListRemove                             0x08007ac5   Thumb Code    38  list.o(i.uxListRemove)
    vApplicationGetIdleTaskMemory            0x08007aed   Thumb Code    16  freertos.o(i.vApplicationGetIdleTaskMemory)
    vApplicationGetTimerTaskMemory           0x08007b01   Thumb Code    18  freertos.o(i.vApplicationGetTimerTaskMemory)
    vListInitialise                          0x08007b19   Thumb Code    22  list.o(i.vListInitialise)
    vListInitialiseItem                      0x08007b2f   Thumb Code     6  list.o(i.vListInitialiseItem)
    vListInsert                              0x08007b35   Thumb Code    48  list.o(i.vListInsert)
    vListInsertEnd                           0x08007b65   Thumb Code    24  list.o(i.vListInsertEnd)
    vPortEnterCritical                       0x08007b7d   Thumb Code    54  port.o(i.vPortEnterCritical)
    vPortExitCritical                        0x08007bbd   Thumb Code    34  port.o(i.vPortExitCritical)
    vPortFree                                0x08007be5   Thumb Code    88  heap_4.o(i.vPortFree)
    vPortSetupTimerInterrupt                 0x08007c41   Thumb Code    32  port.o(i.vPortSetupTimerInterrupt)
    vPortValidateInterruptPriority           0x08007c65   Thumb Code    74  port.o(i.vPortValidateInterruptPriority)
    vQueueAddToRegistry                      0x08007cb9   Thumb Code    34  queue.o(i.vQueueAddToRegistry)
    vQueueWaitForMessageRestricted           0x08007ce1   Thumb Code    68  queue.o(i.vQueueWaitForMessageRestricted)
    vTaskDelay                               0x08007d25   Thumb Code    66  tasks.o(i.vTaskDelay)
    vTaskInternalSetTimeOutState             0x08007d71   Thumb Code    12  tasks.o(i.vTaskInternalSetTimeOutState)
    vTaskMissedYield                         0x08007d81   Thumb Code     8  tasks.o(i.vTaskMissedYield)
    vTaskPlaceOnEventList                    0x08007d8d   Thumb Code    44  tasks.o(i.vTaskPlaceOnEventList)
    vTaskPlaceOnEventListRestricted          0x08007dbd   Thumb Code    52  tasks.o(i.vTaskPlaceOnEventListRestricted)
    vTaskStartScheduler                      0x08007df5   Thumb Code   118  tasks.o(i.vTaskStartScheduler)
    vTaskSuspendAll                          0x08007e7d   Thumb Code    10  tasks.o(i.vTaskSuspendAll)
    vTaskSwitchContext                       0x08007e8d   Thumb Code    82  tasks.o(i.vTaskSwitchContext)
    xPortStartScheduler                      0x08007ee9   Thumb Code   222  port.o(i.xPortStartScheduler)
    xPortSysTickHandler                      0x08007fdd   Thumb Code    38  port.o(i.xPortSysTickHandler)
    xQueueGenericCreateStatic                0x08008009   Thumb Code   102  queue.o(i.xQueueGenericCreateStatic)
    xQueueGenericReset                       0x08008071   Thumb Code   132  queue.o(i.xQueueGenericReset)
    xQueueGenericSend                        0x080080f9   Thumb Code   346  queue.o(i.xQueueGenericSend)
    xQueueGenericSendFromISR                 0x08008259   Thumb Code   188  queue.o(i.xQueueGenericSendFromISR)
    xQueueReceive                            0x08008315   Thumb Code   308  queue.o(i.xQueueReceive)
    xTaskCheckForTimeOut                     0x0800844d   Thumb Code   132  tasks.o(i.xTaskCheckForTimeOut)
    xTaskCreate                              0x080084d5   Thumb Code    90  tasks.o(i.xTaskCreate)
    xTaskCreateStatic                        0x0800852f   Thumb Code    86  tasks.o(i.xTaskCreateStatic)
    xTaskGetSchedulerState                   0x08008585   Thumb Code    22  tasks.o(i.xTaskGetSchedulerState)
    xTaskGetTickCount                        0x080085a1   Thumb Code     6  tasks.o(i.xTaskGetTickCount)
    xTaskIncrementTick                       0x080085ad   Thumb Code   192  tasks.o(i.xTaskIncrementTick)
    xTaskPriorityDisinherit                  0x08008675   Thumb Code   144  tasks.o(i.xTaskPriorityDisinherit)
    xTaskRemoveFromEventList                 0x0800870d   Thumb Code   108  tasks.o(i.xTaskRemoveFromEventList)
    xTaskResumeAll                           0x08008781   Thumb Code   182  tasks.o(i.xTaskResumeAll)
    xTimerCreateTimerTask                    0x08008845   Thumb Code    78  timers.o(i.xTimerCreateTimerTask)
    xTimerGenericCommand                     0x080088a5   Thumb Code    98  timers.o(i.xTimerGenericCommand)
    _fp_init                                 0x0800890d   Thumb Code    10  fpinit.o(x$fpl$fpinit)
    __fplib_config_fpu_vfp                   0x08008915   Thumb Code     0  fpinit.o(x$fpl$fpinit)
    __fplib_config_pureend_doubles           0x08008915   Thumb Code     0  fpinit.o(x$fpl$fpinit)
    AHBPrescTable                            0x08008974   Data          16  system_stm32f4xx.o(.constdata)
    APBPrescTable                            0x08008984   Data           8  system_stm32f4xx.o(.constdata)
    Region$$Table$$Base                      0x080089d0   Number         0  anon$$obj.o(Region$$Table)
    Region$$Table$$Limit                     0x080089f0   Number         0  anon$$obj.o(Region$$Table)
    chassisTaskHandle                        0x20000000   Data           4  freertos.o(.data)
    shoot_task_handle                        0x20000004   Data           4  freertos.o(.data)
    testHandle                               0x20000008   Data           4  freertos.o(.data)
    hcrc                                     0x20000010   Data           8  crc.o(.data)
    FS_Desc                                  0x20000018   Data          28  usbd_desc.o(.data)
    USBD_LangIDDesc                          0x20000034   Data           4  usbd_desc.o(.data)
    USBD_FS_DeviceDesc                       0x20000038   Data          18  usbd_desc.o(.data)
    USBD_StringSerial                        0x2000004c   Data          26  usbd_desc.o(.data)
    USBD_Interface_fops_FS                   0x20000068   Data          16  usbd_cdc_if.o(.data)
    uwTickFreq                               0x20000078   Data           1  stm32f4xx_hal.o(.data)
    uwTickPrio                               0x2000007c   Data           4  stm32f4xx_hal.o(.data)
    uwTick                                   0x20000080   Data           4  stm32f4xx_hal.o(.data)
    SystemCoreClock                          0x20000084   Data           4  system_stm32f4xx.o(.data)
    pxCurrentTCB                             0x20000088   Data           4  tasks.o(.data)
    USBD_CDC_CfgHSDesc                       0x2000010c   Data          67  usbd_cdc.o(.data)
    USBD_CDC_CfgFSDesc                       0x20000150   Data          67  usbd_cdc.o(.data)
    USBD_CDC_OtherSpeedCfgDesc               0x20000194   Data          67  usbd_cdc.o(.data)
    USBD_CDC                                 0x200001d8   Data          56  usbd_cdc.o(.data)
    chassis_move                             0x20000210   Data           8  chassis_task.o(.data)
    shoot_fric_grade                         0x20000240   Data          16  shoot_task.o(.data)
    shoot_grigger_grade                      0x20000250   Data          24  shoot_task.o(.data)
    cnt                                      0x20000270   Data           1  bsp_servo_pwm.o(.data)
    hadc1                                    0x2000091c   Data          72  adc.o(.bss)
    hadc3                                    0x20000964   Data          72  adc.o(.bss)
    hcan1                                    0x200009ac   Data          40  can.o(.bss)
    hcan2                                    0x200009d4   Data          40  can.o(.bss)
    hi2c1                                    0x200009fc   Data          84  i2c.o(.bss)
    hi2c2                                    0x20000a50   Data          84  i2c.o(.bss)
    hi2c3                                    0x20000aa4   Data          84  i2c.o(.bss)
    hdma_i2c2_tx                             0x20000af8   Data          96  i2c.o(.bss)
    hrng                                     0x20000b58   Data          16  rng.o(.bss)
    hrtc                                     0x20000b68   Data          32  rtc.o(.bss)
    hspi1                                    0x20000b88   Data          88  spi.o(.bss)
    hdma_spi1_rx                             0x20000be0   Data          96  spi.o(.bss)
    hdma_spi1_tx                             0x20000c40   Data          96  spi.o(.bss)
    htim1                                    0x20000ca0   Data          64  tim.o(.bss)
    htim3                                    0x20000ce0   Data          64  tim.o(.bss)
    htim4                                    0x20000d20   Data          64  tim.o(.bss)
    htim5                                    0x20000d60   Data          64  tim.o(.bss)
    htim8                                    0x20000da0   Data          64  tim.o(.bss)
    htim10                                   0x20000de0   Data          64  tim.o(.bss)
    huart1                                   0x20000e20   Data          64  usart.o(.bss)
    huart3                                   0x20000e60   Data          64  usart.o(.bss)
    huart6                                   0x20000ea0   Data          64  usart.o(.bss)
    hdma_usart1_tx                           0x20000ee0   Data          96  usart.o(.bss)
    hdma_usart3_rx                           0x20000f40   Data          96  usart.o(.bss)
    hdma_usart6_rx                           0x20000fa0   Data          96  usart.o(.bss)
    hdma_usart6_tx                           0x20001000   Data          96  usart.o(.bss)
    hUsbDeviceFS                             0x20001060   Data         668  usb_device.o(.bss)
    hpcd_USB_OTG_FS                          0x200012fc   Data        1032  usbd_conf.o(.bss)
    USBD_StrDesc                             0x20001704   Data         512  usbd_desc.o(.bss)
    UserRxBufferFS                           0x20001904   Data        2048  usbd_cdc_if.o(.bss)
    UserTxBufferFS                           0x20002104   Data        2048  usbd_cdc_if.o(.bss)
    xQueueRegistry                           0x20002904   Data          64  queue.o(.bss)
    rc_ctrl                                  0x20008b58   Data          22  remote_control.o(.bss)
    last_rc_ctrl                             0x20008b6e   Data          22  remote_control.o(.bss)
    shoot_control                            0x20008c4c   Data         880  shoot_task.o(.bss)
    __libspace_start                         0x20008fbc   Data          96  libspace.o(.bss)
    __temporary_stack_top$libspace           0x2000901c   Data           0  libspace.o(.bss)



==============================================================================

Memory Map of the image

  Image Entry point : 0x08000189

  Load Region LR_IROM1 (Base: 0x08000000, Size: 0x00008c64, Max: 0x00100000, ABSOLUTE, COMPRESSED[0x00008ad4])

    Execution Region ER_IROM1 (Exec base: 0x08000000, Load base: 0x08000000, Size: 0x000089f0, Max: 0x00100000, ABSOLUTE)

    Exec Addr    Load Addr    Size         Type   Attr      Idx    E Section Name        Object

    0x08000000   0x08000000   0x00000188   Data   RO            3    RESET               startup_stm32f407xx.o
    0x08000188   0x08000188   0x00000008   Code   RO        10062  * !!!main             c_w.l(__main.o)
    0x08000190   0x08000190   0x00000034   Code   RO        10386    !!!scatter          c_w.l(__scatter.o)
    0x080001c4   0x080001c4   0x0000005a   Code   RO        10384    !!dczerorl2         c_w.l(__dczerorl2.o)
    0x0800021e   0x0800021e   0x00000002   PAD
    0x08000220   0x08000220   0x0000001c   Code   RO        10388    !!handler_zi        c_w.l(__scatter_zi.o)
    0x0800023c   0x0800023c   0x00000002   Code   RO        10315    .ARM.Collect$$libinit$$00000000  c_w.l(libinit.o)
    0x0800023e   0x0800023e   0x00000004   Code   RO        10162    .ARM.Collect$$libinit$$00000001  c_w.l(libinit2.o)
    0x08000242   0x08000242   0x00000000   Code   RO        10165    .ARM.Collect$$libinit$$00000004  c_w.l(libinit2.o)
    0x08000242   0x08000242   0x00000008   Code   RO        10166    .ARM.Collect$$libinit$$00000005  c_w.l(libinit2.o)
    0x0800024a   0x0800024a   0x00000000   Code   RO        10168    .ARM.Collect$$libinit$$0000000A  c_w.l(libinit2.o)
    0x0800024a   0x0800024a   0x00000000   Code   RO        10170    .ARM.Collect$$libinit$$0000000C  c_w.l(libinit2.o)
    0x0800024a   0x0800024a   0x00000000   Code   RO        10172    .ARM.Collect$$libinit$$0000000E  c_w.l(libinit2.o)
    0x0800024a   0x0800024a   0x00000000   Code   RO        10175    .ARM.Collect$$libinit$$00000011  c_w.l(libinit2.o)
    0x0800024a   0x0800024a   0x00000000   Code   RO        10177    .ARM.Collect$$libinit$$00000013  c_w.l(libinit2.o)
    0x0800024a   0x0800024a   0x00000000   Code   RO        10179    .ARM.Collect$$libinit$$00000015  c_w.l(libinit2.o)
    0x0800024a   0x0800024a   0x00000000   Code   RO        10181    .ARM.Collect$$libinit$$00000017  c_w.l(libinit2.o)
    0x0800024a   0x0800024a   0x00000000   Code   RO        10183    .ARM.Collect$$libinit$$00000019  c_w.l(libinit2.o)
    0x0800024a   0x0800024a   0x00000000   Code   RO        10185    .ARM.Collect$$libinit$$0000001B  c_w.l(libinit2.o)
    0x0800024a   0x0800024a   0x00000000   Code   RO        10187    .ARM.Collect$$libinit$$0000001D  c_w.l(libinit2.o)
    0x0800024a   0x0800024a   0x00000000   Code   RO        10189    .ARM.Collect$$libinit$$0000001F  c_w.l(libinit2.o)
    0x0800024a   0x0800024a   0x00000000   Code   RO        10191    .ARM.Collect$$libinit$$00000021  c_w.l(libinit2.o)
    0x0800024a   0x0800024a   0x00000000   Code   RO        10193    .ARM.Collect$$libinit$$00000023  c_w.l(libinit2.o)
    0x0800024a   0x0800024a   0x00000000   Code   RO        10195    .ARM.Collect$$libinit$$00000025  c_w.l(libinit2.o)
    0x0800024a   0x0800024a   0x00000000   Code   RO        10199    .ARM.Collect$$libinit$$0000002C  c_w.l(libinit2.o)
    0x0800024a   0x0800024a   0x00000000   Code   RO        10201    .ARM.Collect$$libinit$$0000002E  c_w.l(libinit2.o)
    0x0800024a   0x0800024a   0x00000000   Code   RO        10203    .ARM.Collect$$libinit$$00000030  c_w.l(libinit2.o)
    0x0800024a   0x0800024a   0x00000000   Code   RO        10205    .ARM.Collect$$libinit$$00000032  c_w.l(libinit2.o)
    0x0800024a   0x0800024a   0x00000002   Code   RO        10206    .ARM.Collect$$libinit$$00000033  c_w.l(libinit2.o)
    0x0800024c   0x0800024c   0x00000002   Code   RO        10381    .ARM.Collect$$libshutdown$$00000000  c_w.l(libshutdown.o)
    0x0800024e   0x0800024e   0x00000000   Code   RO        10335    .ARM.Collect$$libshutdown$$00000002  c_w.l(libshutdown2.o)
    0x0800024e   0x0800024e   0x00000000   Code   RO        10337    .ARM.Collect$$libshutdown$$00000004  c_w.l(libshutdown2.o)
    0x0800024e   0x0800024e   0x00000000   Code   RO        10339    .ARM.Collect$$libshutdown$$00000006  c_w.l(libshutdown2.o)
    0x0800024e   0x0800024e   0x00000000   Code   RO        10342    .ARM.Collect$$libshutdown$$00000009  c_w.l(libshutdown2.o)
    0x0800024e   0x0800024e   0x00000000   Code   RO        10345    .ARM.Collect$$libshutdown$$0000000C  c_w.l(libshutdown2.o)
    0x0800024e   0x0800024e   0x00000000   Code   RO        10347    .ARM.Collect$$libshutdown$$0000000E  c_w.l(libshutdown2.o)
    0x0800024e   0x0800024e   0x00000000   Code   RO        10350    .ARM.Collect$$libshutdown$$00000011  c_w.l(libshutdown2.o)
    0x0800024e   0x0800024e   0x00000002   Code   RO        10351    .ARM.Collect$$libshutdown$$00000012  c_w.l(libshutdown2.o)
    0x08000250   0x08000250   0x00000000   Code   RO        10126    .ARM.Collect$$rtentry$$00000000  c_w.l(__rtentry.o)
    0x08000250   0x08000250   0x00000000   Code   RO        10235    .ARM.Collect$$rtentry$$00000002  c_w.l(__rtentry2.o)
    0x08000250   0x08000250   0x00000006   Code   RO        10247    .ARM.Collect$$rtentry$$00000004  c_w.l(__rtentry4.o)
    0x08000256   0x08000256   0x00000000   Code   RO        10237    .ARM.Collect$$rtentry$$00000009  c_w.l(__rtentry2.o)
    0x08000256   0x08000256   0x00000004   Code   RO        10238    .ARM.Collect$$rtentry$$0000000A  c_w.l(__rtentry2.o)
    0x0800025a   0x0800025a   0x00000000   Code   RO        10240    .ARM.Collect$$rtentry$$0000000C  c_w.l(__rtentry2.o)
    0x0800025a   0x0800025a   0x00000008   Code   RO        10241    .ARM.Collect$$rtentry$$0000000D  c_w.l(__rtentry2.o)
    0x08000262   0x08000262   0x00000002   Code   RO        10322    .ARM.Collect$$rtexit$$00000000  c_w.l(rtexit.o)
    0x08000264   0x08000264   0x00000000   Code   RO        10357    .ARM.Collect$$rtexit$$00000002  c_w.l(rtexit2.o)
    0x08000264   0x08000264   0x00000004   Code   RO        10358    .ARM.Collect$$rtexit$$00000003  c_w.l(rtexit2.o)
    0x08000268   0x08000268   0x00000006   Code   RO        10359    .ARM.Collect$$rtexit$$00000004  c_w.l(rtexit2.o)
    0x0800026e   0x0800026e   0x00000002   PAD
    0x08000270   0x08000270   0x000000be   Code   RO         7568    .emb_text           port.o
    0x0800032e   0x0800032e   0x00000002   PAD
    0x08000330   0x08000330   0x00000000   Code   RO        10258    .emb_text           c_w.l(maybetermalloc1.o)
    0x08000330   0x08000330   0x00000040   Code   RO            4    .text               startup_stm32f407xx.o
    0x08000370   0x08000370   0x0000005e   Code   RO         9988    .text               c_w.l(h1_alloc.o)
    0x080003ce   0x080003ce   0x0000004e   Code   RO         9990    .text               c_w.l(h1_free.o)
    0x0800041c   0x0800041c   0x000000ee   Code   RO        10046    .text               c_w.l(lludivv7m.o)
    0x0800050a   0x0800050a   0x0000008a   Code   RO        10050    .text               c_w.l(rt_memcpy_v6.o)
    0x08000594   0x08000594   0x00000064   Code   RO        10052    .text               c_w.l(rt_memcpy_w.o)
    0x080005f8   0x080005f8   0x00000010   Code   RO        10056    .text               c_w.l(aeabi_memset.o)
    0x08000608   0x08000608   0x0000004e   Code   RO        10058    .text               c_w.l(rt_memclr_w.o)
    0x08000656   0x08000656   0x00000006   Code   RO        10060    .text               c_w.l(heapauxi.o)
    0x0800065c   0x0800065c   0x00000008   Code   RO        10134    .text               c_w.l(rt_heap_descriptor_intlibspace.o)
    0x08000664   0x08000664   0x00000004   Code   RO        10136    .text               c_w.l(hguard.o)
    0x08000668   0x08000668   0x0000008a   Code   RO        10138    .text               c_w.l(init_alloc.o)
    0x080006f2   0x080006f2   0x0000000e   Code   RO        10142    .text               c_w.l(h1_init.o)
    0x08000700   0x08000700   0x00000044   Code   RO        10158    .text               c_w.l(rt_memclr.o)
    0x08000744   0x08000744   0x00000008   Code   RO        10231    .text               c_w.l(libspace.o)
    0x0800074c   0x0800074c   0x00000034   Code   RO        10260    .text               c_w.l(h1_extend.o)
    0x08000780   0x08000780   0x0000000e   Code   RO        10264    .text               c_w.l(defsig_rtmem_outer.o)
    0x0800078e   0x0800078e   0x00000002   Code   RO        10285    .text               c_w.l(use_no_semi.o)
    0x08000790   0x08000790   0x00000000   Code   RO        10287    .text               c_w.l(indicate_semi.o)
    0x08000790   0x08000790   0x0000004a   Code   RO        10288    .text               c_w.l(sys_stackheap_outer.o)
    0x080007da   0x080007da   0x00000012   Code   RO        10296    .text               c_w.l(exit.o)
    0x080007ec   0x080007ec   0x0000000a   Code   RO        10298    .text               c_w.l(defsig_exit.o)
    0x080007f6   0x080007f6   0x00000002   PAD
    0x080007f8   0x080007f8   0x00000050   Code   RO        10304    .text               c_w.l(defsig_rtmem_inner.o)
    0x08000848   0x08000848   0x0000000c   Code   RO        10320    .text               c_w.l(sys_exit.o)
    0x08000854   0x08000854   0x00000032   Code   RO        10330    .text               c_w.l(defsig_general.o)
    0x08000886   0x08000886   0x0000000e   Code   RO        10354    .text               c_w.l(sys_wrch.o)
    0x08000894   0x08000894   0x00000128   Code   RO         3102    i.ADC_Init          stm32f4xx_hal_adc.o
    0x080009bc   0x080009bc   0x00000002   Code   RO         1260    i.BusFault_Handler  stm32f4xx_it.o
    0x080009be   0x080009be   0x00000002   PAD
    0x080009c0   0x080009c0   0x0000000c   Code   RO         1261    i.CAN1_RX0_IRQHandler  stm32f4xx_it.o
    0x080009cc   0x080009cc   0x0000000c   Code   RO         1262    i.CAN2_RX0_IRQHandler  stm32f4xx_it.o
    0x080009d8   0x080009d8   0x00000048   Code   RO         8237    i.CAN_cmd_left_shoot  can_receive.o
    0x08000a20   0x08000a20   0x00000048   Code   RO         8238    i.CAN_cmd_right_shoot  can_receive.o
    0x08000a68   0x08000a68   0x00000004   Code   RO         1208    i.CDC_Control_FS    usbd_cdc_if.o
    0x08000a6c   0x08000a6c   0x00000004   Code   RO         1209    i.CDC_DeInit_FS     usbd_cdc_if.o
    0x08000a70   0x08000a70   0x00000024   Code   RO         1210    i.CDC_Init_FS       usbd_cdc_if.o
    0x08000a94   0x08000a94   0x00000018   Code   RO         1211    i.CDC_Receive_FS    usbd_cdc_if.o
    0x08000aac   0x08000aac   0x00000058   Code   RO         8823    i.DMA1_Stream7_IRQHandler  bsp_i2c.o
    0x08000b04   0x08000b04   0x0000000c   Code   RO         1263    i.DMA2_Stream1_IRQHandler  stm32f4xx_it.o
    0x08000b10   0x08000b10   0x0000000c   Code   RO         1264    i.DMA2_Stream6_IRQHandler  stm32f4xx_it.o
    0x08000b1c   0x08000b1c   0x0000000c   Code   RO         1265    i.DMA2_Stream7_IRQHandler  stm32f4xx_it.o
    0x08000b28   0x08000b28   0x00000028   Code   RO         2429    i.DMA_CalcBaseAndBitshift  stm32f4xx_hal_dma.o
    0x08000b50   0x08000b50   0x00000054   Code   RO         2430    i.DMA_CheckFifoParam  stm32f4xx_hal_dma.o
    0x08000ba4   0x08000ba4   0x00000002   Code   RO         1266    i.DebugMon_Handler  stm32f4xx_it.o
    0x08000ba6   0x08000ba6   0x00000006   Code   RO         1267    i.EXTI0_IRQHandler  stm32f4xx_it.o
    0x08000bac   0x08000bac   0x00000006   Code   RO         1268    i.EXTI3_IRQHandler  stm32f4xx_it.o
    0x08000bb2   0x08000bb2   0x00000006   Code   RO         1269    i.EXTI4_IRQHandler  stm32f4xx_it.o
    0x08000bb8   0x08000bb8   0x00000006   Code   RO         1270    i.EXTI9_5_IRQHandler  stm32f4xx_it.o
    0x08000bbe   0x08000bbe   0x00000002   Code   RO           13    i.Error_Handler     main.o
    0x08000bc0   0x08000bc0   0x0000014c   Code   RO         3104    i.HAL_ADC_ConfigChannel  stm32f4xx_hal_adc.o
    0x08000d0c   0x08000d0c   0x00000054   Code   RO         3113    i.HAL_ADC_Init      stm32f4xx_hal_adc.o
    0x08000d60   0x08000d60   0x0000007c   Code   RO          404    i.HAL_ADC_MspInit   adc.o
    0x08000ddc   0x08000ddc   0x00000024   Code   RO         3375    i.HAL_CAN_ActivateNotification  stm32f4xx_hal_can.o
    0x08000e00   0x08000e00   0x000000dc   Code   RO         3376    i.HAL_CAN_AddTxMessage  stm32f4xx_hal_can.o
    0x08000edc   0x08000edc   0x0000010c   Code   RO         3377    i.HAL_CAN_ConfigFilter  stm32f4xx_hal_can.o
    0x08000fe8   0x08000fe8   0x00000002   Code   RO         3380    i.HAL_CAN_ErrorCallback  stm32f4xx_hal_can.o
    0x08000fea   0x08000fea   0x000000e8   Code   RO         3383    i.HAL_CAN_GetRxMessage  stm32f4xx_hal_can.o
    0x080010d2   0x080010d2   0x000001fc   Code   RO         3387    i.HAL_CAN_IRQHandler  stm32f4xx_hal_can.o
    0x080012ce   0x080012ce   0x0000011a   Code   RO         3388    i.HAL_CAN_Init      stm32f4xx_hal_can.o
    0x080013e8   0x080013e8   0x000000fc   Code   RO          452    i.HAL_CAN_MspInit   can.o
    0x080014e4   0x080014e4   0x00000002   Code   RO         3395    i.HAL_CAN_RxFifo0FullCallback  stm32f4xx_hal_can.o
    0x080014e6   0x080014e6   0x00000002   PAD
    0x080014e8   0x080014e8   0x0000005c   Code   RO         8239    i.HAL_CAN_RxFifo0MsgPendingCallback  can_receive.o
    0x08001544   0x08001544   0x00000002   Code   RO         3397    i.HAL_CAN_RxFifo1FullCallback  stm32f4xx_hal_can.o
    0x08001546   0x08001546   0x00000002   Code   RO         3398    i.HAL_CAN_RxFifo1MsgPendingCallback  stm32f4xx_hal_can.o
    0x08001548   0x08001548   0x00000002   Code   RO         3399    i.HAL_CAN_SleepCallback  stm32f4xx_hal_can.o
    0x0800154a   0x0800154a   0x00000002   PAD
    0x0800154c   0x0800154c   0x00000058   Code   RO         3400    i.HAL_CAN_Start     stm32f4xx_hal_can.o
    0x080015a4   0x080015a4   0x00000002   Code   RO         3402    i.HAL_CAN_TxMailbox0AbortCallback  stm32f4xx_hal_can.o
    0x080015a6   0x080015a6   0x00000002   Code   RO         3403    i.HAL_CAN_TxMailbox0CompleteCallback  stm32f4xx_hal_can.o
    0x080015a8   0x080015a8   0x00000002   Code   RO         3404    i.HAL_CAN_TxMailbox1AbortCallback  stm32f4xx_hal_can.o
    0x080015aa   0x080015aa   0x00000002   Code   RO         3405    i.HAL_CAN_TxMailbox1CompleteCallback  stm32f4xx_hal_can.o
    0x080015ac   0x080015ac   0x00000002   Code   RO         3406    i.HAL_CAN_TxMailbox2AbortCallback  stm32f4xx_hal_can.o
    0x080015ae   0x080015ae   0x00000002   Code   RO         3407    i.HAL_CAN_TxMailbox2CompleteCallback  stm32f4xx_hal_can.o
    0x080015b0   0x080015b0   0x00000002   Code   RO         3409    i.HAL_CAN_WakeUpFromRxMsgCallback  stm32f4xx_hal_can.o
    0x080015b2   0x080015b2   0x00000026   Code   RO         3612    i.HAL_CRC_Init      stm32f4xx_hal_crc.o
    0x080015d8   0x080015d8   0x00000028   Code   RO          501    i.HAL_CRC_MspInit   crc.o
    0x08001600   0x08001600   0x000001a0   Code   RO         2437    i.HAL_DMA_IRQHandler  stm32f4xx_hal_dma.o
    0x080017a0   0x080017a0   0x000000d4   Code   RO         2438    i.HAL_DMA_Init      stm32f4xx_hal_dma.o
    0x08001874   0x08001874   0x00000024   Code   RO         2851    i.HAL_Delay         stm32f4xx_hal.o
    0x08001898   0x08001898   0x00000002   Code   RO         2323    i.HAL_GPIO_EXTI_Callback  stm32f4xx_hal_gpio.o
    0x0800189a   0x0800189a   0x00000002   PAD
    0x0800189c   0x0800189c   0x00000018   Code   RO         2324    i.HAL_GPIO_EXTI_IRQHandler  stm32f4xx_hal_gpio.o
    0x080018b4   0x080018b4   0x000001b0   Code   RO         2325    i.HAL_GPIO_Init     stm32f4xx_hal_gpio.o
    0x08001a64   0x08001a64   0x0000000a   Code   RO         2329    i.HAL_GPIO_WritePin  stm32f4xx_hal_gpio.o
    0x08001a6e   0x08001a6e   0x00000002   PAD
    0x08001a70   0x08001a70   0x0000000c   Code   RO         2857    i.HAL_GetTick       stm32f4xx_hal.o
    0x08001a7c   0x08001a7c   0x00000174   Code   RO         3679    i.HAL_I2C_Init      stm32f4xx_hal_i2c.o
    0x08001bf0   0x08001bf0   0x00000158   Code   RO          567    i.HAL_I2C_MspInit   i2c.o
    0x08001d48   0x08001d48   0x00000010   Code   RO         2863    i.HAL_IncTick       stm32f4xx_hal.o
    0x08001d58   0x08001d58   0x00000034   Code   RO         2864    i.HAL_Init          stm32f4xx_hal.o
    0x08001d8c   0x08001d8c   0x00000040   Code   RO         2865    i.HAL_InitTick      stm32f4xx_hal.o
    0x08001dcc   0x08001dcc   0x00000038   Code   RO         1384    i.HAL_MspInit       stm32f4xx_hal_msp.o
    0x08001e04   0x08001e04   0x0000001a   Code   RO         2714    i.HAL_NVIC_EnableIRQ  stm32f4xx_hal_cortex.o
    0x08001e1e   0x08001e1e   0x00000002   PAD
    0x08001e20   0x08001e20   0x00000040   Code   RO         2720    i.HAL_NVIC_SetPriority  stm32f4xx_hal_cortex.o
    0x08001e60   0x08001e60   0x00000024   Code   RO         2721    i.HAL_NVIC_SetPriorityGrouping  stm32f4xx_hal_cortex.o
    0x08001e84   0x08001e84   0x00000002   Code   RO         1629    i.HAL_PCDEx_LPM_Callback  stm32f4xx_hal_pcd_ex.o
    0x08001e86   0x08001e86   0x00000008   Code   RO         1630    i.HAL_PCDEx_SetRxFiFo  stm32f4xx_hal_pcd_ex.o
    0x08001e8e   0x08001e8e   0x00000044   Code   RO         1631    i.HAL_PCDEx_SetTxFiFo  stm32f4xx_hal_pcd_ex.o
    0x08001ed2   0x08001ed2   0x00000008   Code   RO          927    i.HAL_PCD_ConnectCallback  usbd_conf.o
    0x08001eda   0x08001eda   0x00000012   Code   RO          928    i.HAL_PCD_DataInStageCallback  usbd_conf.o
    0x08001eec   0x08001eec   0x00000014   Code   RO          929    i.HAL_PCD_DataOutStageCallback  usbd_conf.o
    0x08001f00   0x08001f00   0x00000008   Code   RO          930    i.HAL_PCD_DisconnectCallback  usbd_conf.o
    0x08001f08   0x08001f08   0x0000004c   Code   RO         1417    i.HAL_PCD_EP_Close  stm32f4xx_hal_pcd.o
    0x08001f54   0x08001f54   0x0000005c   Code   RO         1418    i.HAL_PCD_EP_ClrStall  stm32f4xx_hal_pcd.o
    0x08001fb0   0x08001fb0   0x00000012   Code   RO         1420    i.HAL_PCD_EP_GetRxCount  stm32f4xx_hal_pcd.o
    0x08001fc2   0x08001fc2   0x00000060   Code   RO         1421    i.HAL_PCD_EP_Open   stm32f4xx_hal_pcd.o
    0x08002022   0x08002022   0x00000048   Code   RO         1422    i.HAL_PCD_EP_Receive  stm32f4xx_hal_pcd.o
    0x0800206a   0x0800206a   0x00000074   Code   RO         1423    i.HAL_PCD_EP_SetStall  stm32f4xx_hal_pcd.o
    0x080020de   0x080020de   0x00000040   Code   RO         1424    i.HAL_PCD_EP_Transmit  stm32f4xx_hal_pcd.o
    0x0800211e   0x0800211e   0x00000002   PAD
    0x08002120   0x08002120   0x00000464   Code   RO         1426    i.HAL_PCD_IRQHandler  stm32f4xx_hal_pcd.o
    0x08002584   0x08002584   0x00000008   Code   RO          931    i.HAL_PCD_ISOINIncompleteCallback  usbd_conf.o
    0x0800258c   0x0800258c   0x00000008   Code   RO          932    i.HAL_PCD_ISOOUTIncompleteCallback  usbd_conf.o
    0x08002594   0x08002594   0x000000e2   Code   RO         1429    i.HAL_PCD_Init      stm32f4xx_hal_pcd.o
    0x08002676   0x08002676   0x00000002   PAD
    0x08002678   0x08002678   0x00000084   Code   RO          934    i.HAL_PCD_MspInit   usbd_conf.o
    0x080026fc   0x080026fc   0x0000002c   Code   RO          935    i.HAL_PCD_ResetCallback  usbd_conf.o
    0x08002728   0x08002728   0x00000008   Code   RO          936    i.HAL_PCD_ResumeCallback  usbd_conf.o
    0x08002730   0x08002730   0x00000008   Code   RO          937    i.HAL_PCD_SOFCallback  usbd_conf.o
    0x08002738   0x08002738   0x00000028   Code   RO         1435    i.HAL_PCD_SetAddress  stm32f4xx_hal_pcd.o
    0x08002760   0x08002760   0x0000000e   Code   RO          938    i.HAL_PCD_SetupStageCallback  usbd_conf.o
    0x0800276e   0x0800276e   0x00000042   Code   RO         1437    i.HAL_PCD_Start     stm32f4xx_hal_pcd.o
    0x080027b0   0x080027b0   0x00000030   Code   RO          939    i.HAL_PCD_SuspendCallback  usbd_conf.o
    0x080027e0   0x080027e0   0x0000013c   Code   RO         2076    i.HAL_RCCEx_PeriphCLKConfig  stm32f4xx_hal_rcc_ex.o
    0x0800291c   0x0800291c   0x00000130   Code   RO         1971    i.HAL_RCC_ClockConfig  stm32f4xx_hal_rcc.o
    0x08002a4c   0x08002a4c   0x0000000c   Code   RO         1976    i.HAL_RCC_GetHCLKFreq  stm32f4xx_hal_rcc.o
    0x08002a58   0x08002a58   0x00000020   Code   RO         1978    i.HAL_RCC_GetPCLK1Freq  stm32f4xx_hal_rcc.o
    0x08002a78   0x08002a78   0x00000020   Code   RO         1979    i.HAL_RCC_GetPCLK2Freq  stm32f4xx_hal_rcc.o
    0x08002a98   0x08002a98   0x00000064   Code   RO         1980    i.HAL_RCC_GetSysClockFreq  stm32f4xx_hal_rcc.o
    0x08002afc   0x08002afc   0x0000031c   Code   RO         1983    i.HAL_RCC_OscConfig  stm32f4xx_hal_rcc.o
    0x08002e18   0x08002e18   0x00000032   Code   RO         4117    i.HAL_RNG_Init      stm32f4xx_hal_rng.o
    0x08002e4a   0x08002e4a   0x00000002   PAD
    0x08002e4c   0x08002e4c   0x00000028   Code   RO          621    i.HAL_RNG_MspInit   rng.o
    0x08002e74   0x08002e74   0x000000ac   Code   RO         4218    i.HAL_RTC_Init      stm32f4xx_hal_rtc.o
    0x08002f20   0x08002f20   0x00000018   Code   RO          663    i.HAL_RTC_MspInit   rtc.o
    0x08002f38   0x08002f38   0x00000036   Code   RO         4226    i.HAL_RTC_WaitForSynchro  stm32f4xx_hal_rtc.o
    0x08002f6e   0x08002f6e   0x00000080   Code   RO         4586    i.HAL_SPI_Init      stm32f4xx_hal_spi.o
    0x08002fee   0x08002fee   0x00000002   PAD
    0x08002ff0   0x08002ff0   0x000000fc   Code   RO          705    i.HAL_SPI_MspInit   spi.o
    0x080030ec   0x080030ec   0x00000028   Code   RO         2725    i.HAL_SYSTICK_Config  stm32f4xx_hal_cortex.o
    0x08003114   0x08003114   0x00000054   Code   RO         5577    i.HAL_TIMEx_ConfigBreakDeadTime  stm32f4xx_hal_tim_ex.o
    0x08003168   0x08003168   0x00000042   Code   RO         5592    i.HAL_TIMEx_MasterConfigSynchronization  stm32f4xx_hal_tim_ex.o
    0x080031aa   0x080031aa   0x00000036   Code   RO         4899    i.HAL_TIM_Base_Init  stm32f4xx_hal_tim.o
    0x080031e0   0x080031e0   0x000000ac   Code   RO          747    i.HAL_TIM_Base_MspInit  tim.o
    0x0800328c   0x0800328c   0x00000024   Code   RO         4902    i.HAL_TIM_Base_Start  stm32f4xx_hal_tim.o
    0x080032b0   0x080032b0   0x000000d6   Code   RO         4908    i.HAL_TIM_ConfigClockSource  stm32f4xx_hal_tim.o
    0x08003386   0x08003386   0x00000002   PAD
    0x08003388   0x08003388   0x00000164   Code   RO          748    i.HAL_TIM_MspPostInit  tim.o
    0x080034ec   0x080034ec   0x000000d0   Code   RO         4966    i.HAL_TIM_PWM_ConfigChannel  stm32f4xx_hal_tim.o
    0x080035bc   0x080035bc   0x00000036   Code   RO         4969    i.HAL_TIM_PWM_Init  stm32f4xx_hal_tim.o
    0x080035f2   0x080035f2   0x00000002   Code   RO         4971    i.HAL_TIM_PWM_MspInit  stm32f4xx_hal_tim.o
    0x080035f4   0x080035f4   0x00000044   Code   RO         4974    i.HAL_TIM_PWM_Start  stm32f4xx_hal_tim.o
    0x08003638   0x08003638   0x00000062   Code   RO         5850    i.HAL_UART_Init     stm32f4xx_hal_uart.o
    0x0800369a   0x0800369a   0x00000002   PAD
    0x0800369c   0x0800369c   0x0000022c   Code   RO          825    i.HAL_UART_MspInit  usart.o
    0x080038c8   0x080038c8   0x00000002   Code   RO         1271    i.HardFault_Handler  stm32f4xx_it.o
    0x080038ca   0x080038ca   0x00000002   PAD
    0x080038cc   0x080038cc   0x00000038   Code   RO         1122    i.IntToUnicode      usbd_desc.o
    0x08003904   0x08003904   0x00000064   Code   RO          405    i.MX_ADC1_Init      adc.o
    0x08003968   0x08003968   0x00000064   Code   RO          406    i.MX_ADC3_Init      adc.o
    0x080039cc   0x080039cc   0x00000044   Code   RO          453    i.MX_CAN1_Init      can.o
    0x08003a10   0x08003a10   0x00000044   Code   RO          454    i.MX_CAN2_Init      can.o
    0x08003a54   0x08003a54   0x00000024   Code   RO          502    i.MX_CRC_Init       crc.o
    0x08003a78   0x08003a78   0x0000009c   Code   RO          542    i.MX_DMA_Init       dma.o
    0x08003b14   0x08003b14   0x00000054   Code   RO          334    i.MX_FREERTOS_Init  freertos.o
    0x08003b68   0x08003b68   0x000001d0   Code   RO          310    i.MX_GPIO_Init      gpio.o
    0x08003d38   0x08003d38   0x00000040   Code   RO          568    i.MX_I2C1_Init      i2c.o
    0x08003d78   0x08003d78   0x00000040   Code   RO          569    i.MX_I2C2_Init      i2c.o
    0x08003db8   0x08003db8   0x00000040   Code   RO          570    i.MX_I2C3_Init      i2c.o
    0x08003df8   0x08003df8   0x00000024   Code   RO          622    i.MX_RNG_Init       rng.o
    0x08003e1c   0x08003e1c   0x00000038   Code   RO          664    i.MX_RTC_Init       rtc.o
    0x08003e54   0x08003e54   0x00000048   Code   RO          706    i.MX_SPI1_Init      spi.o
    0x08003e9c   0x08003e9c   0x00000064   Code   RO          749    i.MX_TIM10_Init     tim.o
    0x08003f00   0x08003f00   0x000000fc   Code   RO          750    i.MX_TIM1_Init      tim.o
    0x08003ffc   0x08003ffc   0x00000098   Code   RO          751    i.MX_TIM3_Init      tim.o
    0x08004094   0x08004094   0x00000098   Code   RO          752    i.MX_TIM4_Init      tim.o
    0x0800412c   0x0800412c   0x000000b8   Code   RO          753    i.MX_TIM5_Init      tim.o
    0x080041e4   0x080041e4   0x000000dc   Code   RO          754    i.MX_TIM8_Init      tim.o
    0x080042c0   0x080042c0   0x00000038   Code   RO          826    i.MX_USART1_UART_Init  usart.o
    0x080042f8   0x080042f8   0x00000040   Code   RO          827    i.MX_USART3_UART_Init  usart.o
    0x08004338   0x08004338   0x00000038   Code   RO          828    i.MX_USART6_UART_Init  usart.o
    0x08004370   0x08004370   0x00000054   Code   RO          879    i.MX_USB_DEVICE_Init  usb_device.o
    0x080043c4   0x080043c4   0x00000002   Code   RO         1272    i.MemManage_Handler  stm32f4xx_it.o
    0x080043c6   0x080043c6   0x00000002   Code   RO         1273    i.NMI_Handler       stm32f4xx_it.o
    0x080043c8   0x080043c8   0x0000000c   Code   RO         1274    i.OTG_FS_IRQHandler  stm32f4xx_it.o
    0x080043d4   0x080043d4   0x000000dc   Code   RO         1440    i.PCD_EP_OutXfrComplete_int  stm32f4xx_hal_pcd.o
    0x080044b0   0x080044b0   0x000000a2   Code   RO         1441    i.PCD_WriteEmptyTxFifo  stm32f4xx_hal_pcd.o
    0x08004552   0x08004552   0x00000002   PAD
    0x08004554   0x08004554   0x00000128   Code   RO         9455    i.PID_calc          pid.o
    0x0800467c   0x0800467c   0x0000005c   Code   RO         9457    i.PID_init          pid.o
    0x080046d8   0x080046d8   0x00000060   Code   RO         8984    i.RC_Init           bsp_rc.o
    0x08004738   0x08004738   0x0000003a   Code   RO         4229    i.RTC_EnterInitMode  stm32f4xx_hal_rtc.o
    0x08004772   0x08004772   0x00000018   Code   RO         1275    i.SysTick_Handler   stm32f4xx_it.o
    0x0800478a   0x0800478a   0x00000002   PAD
    0x0800478c   0x0800478c   0x0000009c   Code   RO           14    i.SystemClock_Config  main.o
    0x08004828   0x08004828   0x00000054   Code   RO         6152    i.SystemInit        system_stm32f4xx.o
    0x0800487c   0x0800487c   0x000000c8   Code   RO         4987    i.TIM_Base_SetConfig  stm32f4xx_hal_tim.o
    0x08004944   0x08004944   0x0000001a   Code   RO         4988    i.TIM_CCxChannelCmd  stm32f4xx_hal_tim.o
    0x0800495e   0x0800495e   0x00000014   Code   RO         4998    i.TIM_ETR_SetConfig  stm32f4xx_hal_tim.o
    0x08004972   0x08004972   0x00000010   Code   RO         4999    i.TIM_ITRx_SetConfig  stm32f4xx_hal_tim.o
    0x08004982   0x08004982   0x00000002   PAD
    0x08004984   0x08004984   0x00000060   Code   RO         5000    i.TIM_OC1_SetConfig  stm32f4xx_hal_tim.o
    0x080049e4   0x080049e4   0x0000006c   Code   RO         5001    i.TIM_OC2_SetConfig  stm32f4xx_hal_tim.o
    0x08004a50   0x08004a50   0x00000068   Code   RO         5002    i.TIM_OC3_SetConfig  stm32f4xx_hal_tim.o
    0x08004ab8   0x08004ab8   0x00000050   Code   RO         5003    i.TIM_OC4_SetConfig  stm32f4xx_hal_tim.o
    0x08004b08   0x08004b08   0x00000022   Code   RO         5005    i.TIM_TI1_ConfigInputStage  stm32f4xx_hal_tim.o
    0x08004b2a   0x08004b2a   0x00000024   Code   RO         5007    i.TIM_TI2_ConfigInputStage  stm32f4xx_hal_tim.o
    0x08004b4e   0x08004b4e   0x00000002   PAD
    0x08004b50   0x08004b50   0x000002ac   Code   RO         5876    i.UART_SetConfig    stm32f4xx_hal_uart.o
    0x08004dfc   0x08004dfc   0x000000c4   Code   RO         8154    i.USART3_IRQHandler  remote_control.o
    0x08004ec0   0x08004ec0   0x0000004a   Code   RO         7911    i.USBD_CDC_DataIn   usbd_cdc.o
    0x08004f0a   0x08004f0a   0x0000002e   Code   RO         7912    i.USBD_CDC_DataOut  usbd_cdc.o
    0x08004f38   0x08004f38   0x00000044   Code   RO         7913    i.USBD_CDC_DeInit   usbd_cdc.o
    0x08004f7c   0x08004f7c   0x00000024   Code   RO         7914    i.USBD_CDC_EP0_RxReady  usbd_cdc.o
    0x08004fa0   0x08004fa0   0x0000000c   Code   RO         7915    i.USBD_CDC_GetDeviceQualifierDescriptor  usbd_cdc.o
    0x08004fac   0x08004fac   0x0000000c   Code   RO         7916    i.USBD_CDC_GetFSCfgDesc  usbd_cdc.o
    0x08004fb8   0x08004fb8   0x0000000c   Code   RO         7917    i.USBD_CDC_GetHSCfgDesc  usbd_cdc.o
    0x08004fc4   0x08004fc4   0x0000000c   Code   RO         7918    i.USBD_CDC_GetOtherSpeedCfgDesc  usbd_cdc.o
    0x08004fd0   0x08004fd0   0x00000094   Code   RO         7919    i.USBD_CDC_Init     usbd_cdc.o
    0x08005064   0x08005064   0x00000028   Code   RO         7920    i.USBD_CDC_ReceivePacket  usbd_cdc.o
    0x0800508c   0x0800508c   0x00000010   Code   RO         7921    i.USBD_CDC_RegisterInterface  usbd_cdc.o
    0x0800509c   0x0800509c   0x0000000c   Code   RO         7922    i.USBD_CDC_SetRxBuffer  usbd_cdc.o
    0x080050a8   0x080050a8   0x00000010   Code   RO         7923    i.USBD_CDC_SetTxBuffer  usbd_cdc.o
    0x080050b8   0x080050b8   0x000000ac   Code   RO         7924    i.USBD_CDC_Setup    usbd_cdc.o
    0x08005164   0x08005164   0x0000000e   Code   RO         7648    i.USBD_ClrClassConfig  usbd_core.o
    0x08005172   0x08005172   0x00000010   Code   RO         7851    i.USBD_CtlContinueRx  usbd_ioreq.o
    0x08005182   0x08005182   0x00000010   Code   RO         7852    i.USBD_CtlContinueSendData  usbd_ioreq.o
    0x08005192   0x08005192   0x00000016   Code   RO         7786    i.USBD_CtlError     usbd_ctlreq.o
    0x080051a8   0x080051a8   0x0000001e   Code   RO         7853    i.USBD_CtlPrepareRx  usbd_ioreq.o
    0x080051c6   0x080051c6   0x00000016   Code   RO         7854    i.USBD_CtlReceiveStatus  usbd_ioreq.o
    0x080051dc   0x080051dc   0x0000001a   Code   RO         7855    i.USBD_CtlSendData  usbd_ioreq.o
    0x080051f6   0x080051f6   0x00000016   Code   RO         7856    i.USBD_CtlSendStatus  usbd_ioreq.o
    0x0800520c   0x0800520c   0x00000020   Code   RO         1123    i.USBD_FS_ConfigStrDescriptor  usbd_desc.o
    0x0800522c   0x0800522c   0x0000000c   Code   RO         1124    i.USBD_FS_DeviceDescriptor  usbd_desc.o
    0x08005238   0x08005238   0x00000024   Code   RO         1125    i.USBD_FS_InterfaceStrDescriptor  usbd_desc.o
    0x0800525c   0x0800525c   0x0000000c   Code   RO         1126    i.USBD_FS_LangIDStrDescriptor  usbd_desc.o
    0x08005268   0x08005268   0x00000028   Code   RO         1127    i.USBD_FS_ManufacturerStrDescriptor  usbd_desc.o
    0x08005290   0x08005290   0x0000002c   Code   RO         1128    i.USBD_FS_ProductStrDescriptor  usbd_desc.o
    0x080052bc   0x080052bc   0x00000038   Code   RO         1129    i.USBD_FS_SerialStrDescriptor  usbd_desc.o
    0x080052f4   0x080052f4   0x000000e8   Code   RO         7787    i.USBD_GetDescriptor  usbd_ctlreq.o
    0x080053dc   0x080053dc   0x00000048   Code   RO         7788    i.USBD_GetString    usbd_ctlreq.o
    0x08005424   0x08005424   0x00000018   Code   RO          940    i.USBD_Get_USB_Status  usbd_conf.o
    0x0800543c   0x0800543c   0x0000002a   Code   RO         7650    i.USBD_Init         usbd_core.o
    0x08005466   0x08005466   0x00000012   Code   RO          941    i.USBD_LL_ClearStallEP  usbd_conf.o
    0x08005478   0x08005478   0x00000012   Code   RO          942    i.USBD_LL_CloseEP   usbd_conf.o
    0x0800548a   0x0800548a   0x000000c6   Code   RO         7651    i.USBD_LL_DataInStage  usbd_core.o
    0x08005550   0x08005550   0x00000082   Code   RO         7652    i.USBD_LL_DataOutStage  usbd_core.o
    0x080055d2   0x080055d2   0x00000004   Code   RO         7653    i.USBD_LL_DevConnected  usbd_core.o
    0x080055d6   0x080055d6   0x00000016   Code   RO         7654    i.USBD_LL_DevDisconnected  usbd_core.o
    0x080055ec   0x080055ec   0x00000008   Code   RO          946    i.USBD_LL_GetRxDataSize  usbd_conf.o
    0x080055f4   0x080055f4   0x00000060   Code   RO          947    i.USBD_LL_Init      usbd_conf.o
    0x08005654   0x08005654   0x00000020   Code   RO          948    i.USBD_LL_IsStallEP  usbd_conf.o
    0x08005674   0x08005674   0x00000004   Code   RO         7655    i.USBD_LL_IsoINIncomplete  usbd_core.o
    0x08005678   0x08005678   0x00000004   Code   RO         7656    i.USBD_LL_IsoOUTIncomplete  usbd_core.o
    0x0800567c   0x0800567c   0x00000018   Code   RO          949    i.USBD_LL_OpenEP    usbd_conf.o
    0x08005694   0x08005694   0x00000012   Code   RO          950    i.USBD_LL_PrepareReceive  usbd_conf.o
    0x080056a6   0x080056a6   0x00000050   Code   RO         7657    i.USBD_LL_Reset     usbd_core.o
    0x080056f6   0x080056f6   0x0000000c   Code   RO         7658    i.USBD_LL_Resume    usbd_core.o
    0x08005702   0x08005702   0x00000018   Code   RO         7659    i.USBD_LL_SOF       usbd_core.o
    0x0800571a   0x0800571a   0x00000006   Code   RO         7660    i.USBD_LL_SetSpeed  usbd_core.o
    0x08005720   0x08005720   0x00000012   Code   RO          951    i.USBD_LL_SetUSBAddress  usbd_conf.o
    0x08005732   0x08005732   0x0000005a   Code   RO         7661    i.USBD_LL_SetupStage  usbd_core.o
    0x0800578c   0x0800578c   0x00000012   Code   RO          952    i.USBD_LL_StallEP   usbd_conf.o
    0x0800579e   0x0800579e   0x00000012   Code   RO          953    i.USBD_LL_Start     usbd_conf.o
    0x080057b0   0x080057b0   0x00000012   Code   RO         7662    i.USBD_LL_Suspend   usbd_core.o
    0x080057c2   0x080057c2   0x00000012   Code   RO          955    i.USBD_LL_Transmit  usbd_conf.o
    0x080057d4   0x080057d4   0x00000028   Code   RO         7789    i.USBD_ParseSetupRequest  usbd_ctlreq.o
    0x080057fc   0x080057fc   0x00000010   Code   RO         7663    i.USBD_RegisterClass  usbd_core.o
    0x0800580c   0x0800580c   0x00000016   Code   RO         7665    i.USBD_SetClassConfig  usbd_core.o
    0x08005822   0x08005822   0x00000002   PAD
    0x08005824   0x08005824   0x00000084   Code   RO         7790    i.USBD_SetConfig    usbd_ctlreq.o
    0x080058a8   0x080058a8   0x0000000a   Code   RO         7666    i.USBD_Start        usbd_core.o
    0x080058b2   0x080058b2   0x00000112   Code   RO         7791    i.USBD_StdDevReq    usbd_ctlreq.o
    0x080059c4   0x080059c4   0x00000150   Code   RO         7792    i.USBD_StdEPReq     usbd_ctlreq.o
    0x08005b14   0x08005b14   0x0000004e   Code   RO         7793    i.USBD_StdItfReq    usbd_ctlreq.o
    0x08005b62   0x08005b62   0x00000002   PAD
    0x08005b64   0x08005b64   0x00000080   Code   RO         1671    i.USB_ActivateEndpoint  stm32f4xx_ll_usb.o
    0x08005be4   0x08005be4   0x00000034   Code   RO         1673    i.USB_ActivateSetup  stm32f4xx_ll_usb.o
    0x08005c18   0x08005c18   0x00000074   Code   RO         1675    i.USB_CoreInit      stm32f4xx_ll_usb.o
    0x08005c8c   0x08005c8c   0x00000038   Code   RO         1676    i.USB_CoreReset     stm32f4xx_ll_usb.o
    0x08005cc4   0x08005cc4   0x00000080   Code   RO         1679    i.USB_DeactivateEndpoint  stm32f4xx_ll_usb.o
    0x08005d44   0x08005d44   0x00000018   Code   RO         1680    i.USB_DevConnect    stm32f4xx_ll_usb.o
    0x08005d5c   0x08005d5c   0x00000018   Code   RO         1681    i.USB_DevDisconnect  stm32f4xx_ll_usb.o
    0x08005d74   0x08005d74   0x0000018c   Code   RO         1682    i.USB_DevInit       stm32f4xx_ll_usb.o
    0x08005f00   0x08005f00   0x0000000c   Code   RO         1683    i.USB_DisableGlobalInt  stm32f4xx_ll_usb.o
    0x08005f0c   0x08005f0c   0x00000118   Code   RO         1686    i.USB_EP0StartXfer  stm32f4xx_ll_usb.o
    0x08006024   0x08006024   0x00000058   Code   RO         1687    i.USB_EP0_OutStart  stm32f4xx_ll_usb.o
    0x0800607c   0x0800607c   0x00000058   Code   RO         1688    i.USB_EPClearStall  stm32f4xx_ll_usb.o
    0x080060d4   0x080060d4   0x00000058   Code   RO         1689    i.USB_EPSetStall    stm32f4xx_ll_usb.o
    0x0800612c   0x0800612c   0x000001e8   Code   RO         1690    i.USB_EPStartXfer   stm32f4xx_ll_usb.o
    0x08006314   0x08006314   0x0000000c   Code   RO         1691    i.USB_EnableGlobalInt  stm32f4xx_ll_usb.o
    0x08006320   0x08006320   0x00000020   Code   RO         1692    i.USB_FlushRxFifo   stm32f4xx_ll_usb.o
    0x08006340   0x08006340   0x00000024   Code   RO         1693    i.USB_FlushTxFifo   stm32f4xx_ll_usb.o
    0x08006364   0x08006364   0x0000001a   Code   RO         1695    i.USB_GetDevSpeed   stm32f4xx_ll_usb.o
    0x0800637e   0x0800637e   0x00000008   Code   RO         1697    i.USB_GetMode       stm32f4xx_ll_usb.o
    0x08006386   0x08006386   0x0000000e   Code   RO         1704    i.USB_ReadDevAllInEpInterrupt  stm32f4xx_ll_usb.o
    0x08006394   0x08006394   0x0000000e   Code   RO         1705    i.USB_ReadDevAllOutEpInterrupt  stm32f4xx_ll_usb.o
    0x080063a2   0x080063a2   0x00000024   Code   RO         1706    i.USB_ReadDevInEPInterrupt  stm32f4xx_ll_usb.o
    0x080063c6   0x080063c6   0x00000010   Code   RO         1707    i.USB_ReadDevOutEPInterrupt  stm32f4xx_ll_usb.o
    0x080063d6   0x080063d6   0x00000008   Code   RO         1708    i.USB_ReadInterrupts  stm32f4xx_ll_usb.o
    0x080063de   0x080063de   0x0000001c   Code   RO         1709    i.USB_ReadPacket    stm32f4xx_ll_usb.o
    0x080063fa   0x080063fa   0x0000002e   Code   RO         1711    i.USB_SetCurrentMode  stm32f4xx_ll_usb.o
    0x08006428   0x08006428   0x00000022   Code   RO         1712    i.USB_SetDevAddress  stm32f4xx_ll_usb.o
    0x0800644a   0x0800644a   0x00000002   PAD
    0x0800644c   0x0800644c   0x000000e8   Code   RO         1714    i.USB_SetTurnaroundTime  stm32f4xx_ll_usb.o
    0x08006534   0x08006534   0x00000024   Code   RO         1717    i.USB_WritePacket   stm32f4xx_ll_usb.o
    0x08006558   0x08006558   0x00000002   Code   RO         1276    i.UsageFault_Handler  stm32f4xx_it.o
    0x0800655a   0x0800655a   0x00000020   Code   RO         2727    i.__NVIC_SetPriority  stm32f4xx_hal_cortex.o
    0x0800657a   0x0800657a   0x00000002   PAD
    0x0800657c   0x0800657c   0x00000058   Code   RO         8617    i.can_filter_init   bsp_can.o
    0x080065d4   0x080065d4   0x000000e0   Code   RO         8017    i.chassis_set_control  chassis_task.o
    0x080066b4   0x080066b4   0x0000001c   Code   RO         8018    i.chassis_task      chassis_task.o
    0x080066d0   0x080066d0   0x00000028   Code   RO         8685    i.delay_init        bsp_delay.o
    0x080066f8   0x080066f8   0x00000034   Code   RO         8687    i.delay_us          bsp_delay.o
    0x0800672c   0x0800672c   0x00000010   Code   RO         8240    i.get_fric_motor_measure_point  can_receive.o
    0x0800673c   0x0800673c   0x00000008   Code   RO         8156    i.get_remote_control_point  remote_control.o
    0x08006744   0x08006744   0x00000010   Code   RO         8921    i.laser_off         bsp_laser.o
    0x08006754   0x08006754   0x00000010   Code   RO         8922    i.laser_on          bsp_laser.o
    0x08006764   0x08006764   0x00000048   Code   RO         9353    i.loop_fp32_constrain  user_lib.o
    0x080067ac   0x080067ac   0x000000c8   Code   RO           15    i.main              main.o
    0x08006874   0x08006874   0x0000000c   Code   RO         7140    i.makeFreeRtosPriority  cmsis_os.o
    0x08006880   0x08006880   0x0000000e   Code   RO         7142    i.osDelay           cmsis_os.o
    0x0800688e   0x0800688e   0x0000000a   Code   RO         7145    i.osKernelStart     cmsis_os.o
    0x08006898   0x08006898   0x00000054   Code   RO         7179    i.osThreadCreate    cmsis_os.o
    0x080068ec   0x080068ec   0x00000078   Code   RO         6664    i.prvAddCurrentTaskToDelayedList  tasks.o
    0x08006964   0x08006964   0x000000d0   Code   RO         6665    i.prvAddNewTaskToReadyList  tasks.o
    0x08006a34   0x08006a34   0x00000058   Code   RO         6997    i.prvCheckForValidListAndQueue  timers.o
    0x08006a8c   0x08006a8c   0x00000026   Code   RO         6330    i.prvCopyDataFromQueue  queue.o
    0x08006ab2   0x08006ab2   0x0000006c   Code   RO         6331    i.prvCopyDataToQueue  queue.o
    0x08006b1e   0x08006b1e   0x00000034   Code   RO         6666    i.prvDeleteTCB      tasks.o
    0x08006b52   0x08006b52   0x00000002   PAD
    0x08006b54   0x08006b54   0x0000004c   Code   RO         7519    i.prvHeapInit       heap_4.o
    0x08006ba0   0x08006ba0   0x00000060   Code   RO         6667    i.prvIdleTask       tasks.o
    0x08006c00   0x08006c00   0x00000016   Code   RO         6333    i.prvInitialiseNewQueue  queue.o
    0x08006c16   0x08006c16   0x000000a0   Code   RO         6668    i.prvInitialiseNewTask  tasks.o
    0x08006cb6   0x08006cb6   0x00000002   PAD
    0x08006cb8   0x08006cb8   0x0000004c   Code   RO         7520    i.prvInsertBlockIntoFreeList  heap_4.o
    0x08006d04   0x08006d04   0x00000038   Code   RO         6999    i.prvInsertTimerInActiveList  timers.o
    0x08006d3c   0x08006d3c   0x0000001c   Code   RO         6334    i.prvIsQueueEmpty   queue.o
    0x08006d58   0x08006d58   0x000000cc   Code   RO         7000    i.prvProcessReceivedCommands  timers.o
    0x08006e24   0x08006e24   0x000000b4   Code   RO         7001    i.prvProcessTimerOrBlockTask  timers.o
    0x08006ed8   0x08006ed8   0x00000020   Code   RO         6669    i.prvResetNextTaskUnblockTime  tasks.o
    0x08006ef8   0x08006ef8   0x00000028   Code   RO         7002    i.prvSampleTimeNow  timers.o
    0x08006f20   0x08006f20   0x0000006c   Code   RO         7003    i.prvSwitchTimerLists  timers.o
    0x08006f8c   0x08006f8c   0x00000028   Code   RO         7569    i.prvTaskExitError  port.o
    0x08006fb4   0x08006fb4   0x00000024   Code   RO         7004    i.prvTimerTask      timers.o
    0x08006fd8   0x08006fd8   0x0000006a   Code   RO         6335    i.prvUnlockQueue    queue.o
    0x08007042   0x08007042   0x00000002   PAD
    0x08007044   0x08007044   0x000000d8   Code   RO         7521    i.pvPortMalloc      heap_4.o
    0x0800711c   0x0800711c   0x0000002c   Code   RO         7570    i.pxPortInitialiseStack  port.o
    0x08007148   0x08007148   0x00000010   Code   RO         8157    i.remote_control_init  remote_control.o
    0x08007158   0x08007158   0x000000b4   Code   RO         8158    i.sbus_to_rc        remote_control.o
    0x0800720c   0x0800720c   0x00000044   Code   RO         8159    i.sbus_to_usart1    remote_control.o
    0x08007250   0x08007250   0x00000080   Code   RO         9058    i.servo_speed_set   bsp_servo_pwm.o
    0x080072d0   0x080072d0   0x0000009c   Code   RO         8345    i.shoot_bullet_control  shoot_task.o
    0x0800736c   0x0800736c   0x0000019c   Code   RO         8346    i.shoot_feedback_update  shoot_task.o
    0x08007508   0x08007508   0x000001c8   Code   RO         8347    i.shoot_init        shoot_task.o
    0x080076d0   0x080076d0   0x0000021c   Code   RO         8348    i.shoot_set_control  shoot_task.o
    0x080078ec   0x080078ec   0x00000068   Code   RO         8349    i.shoot_set_mode    shoot_task.o
    0x08007954   0x08007954   0x00000050   Code   RO         8350    i.shoot_task        shoot_task.o
    0x080079a4   0x080079a4   0x0000000e   Code   RO          335    i.test_task         freertos.o
    0x080079b2   0x080079b2   0x00000002   PAD
    0x080079b4   0x080079b4   0x00000064   Code   RO         8351    i.trigger_motor_turn_back  shoot_task.o
    0x08007a18   0x08007a18   0x00000064   Code   RO         9123    i.usart1_tx_dma_enable  bsp_usart.o
    0x08007a7c   0x08007a7c   0x00000048   Code   RO         9124    i.usart1_tx_dma_init  bsp_usart.o
    0x08007ac4   0x08007ac4   0x00000026   Code   RO         6290    i.uxListRemove      list.o
    0x08007aea   0x08007aea   0x00000002   PAD
    0x08007aec   0x08007aec   0x00000014   Code   RO          336    i.vApplicationGetIdleTaskMemory  freertos.o
    0x08007b00   0x08007b00   0x00000018   Code   RO          337    i.vApplicationGetTimerTaskMemory  freertos.o
    0x08007b18   0x08007b18   0x00000016   Code   RO         6291    i.vListInitialise   list.o
    0x08007b2e   0x08007b2e   0x00000006   Code   RO         6292    i.vListInitialiseItem  list.o
    0x08007b34   0x08007b34   0x00000030   Code   RO         6293    i.vListInsert       list.o
    0x08007b64   0x08007b64   0x00000018   Code   RO         6294    i.vListInsertEnd    list.o
    0x08007b7c   0x08007b7c   0x00000040   Code   RO         7572    i.vPortEnterCritical  port.o
    0x08007bbc   0x08007bbc   0x00000028   Code   RO         7573    i.vPortExitCritical  port.o
    0x08007be4   0x08007be4   0x0000005c   Code   RO         7522    i.vPortFree         heap_4.o
    0x08007c40   0x08007c40   0x00000024   Code   RO         7574    i.vPortSetupTimerInterrupt  port.o
    0x08007c64   0x08007c64   0x00000054   Code   RO         7575    i.vPortValidateInterruptPriority  port.o
    0x08007cb8   0x08007cb8   0x00000028   Code   RO         6339    i.vQueueAddToRegistry  queue.o
    0x08007ce0   0x08007ce0   0x00000044   Code   RO         6342    i.vQueueWaitForMessageRestricted  queue.o
    0x08007d24   0x08007d24   0x0000004c   Code   RO         6679    i.vTaskDelay        tasks.o
    0x08007d70   0x08007d70   0x00000010   Code   RO         6683    i.vTaskInternalSetTimeOutState  tasks.o
    0x08007d80   0x08007d80   0x0000000c   Code   RO         6684    i.vTaskMissedYield  tasks.o
    0x08007d8c   0x08007d8c   0x00000030   Code   RO         6686    i.vTaskPlaceOnEventList  tasks.o
    0x08007dbc   0x08007dbc   0x00000038   Code   RO         6687    i.vTaskPlaceOnEventListRestricted  tasks.o
    0x08007df4   0x08007df4   0x00000088   Code   RO         6694    i.vTaskStartScheduler  tasks.o
    0x08007e7c   0x08007e7c   0x00000010   Code   RO         6696    i.vTaskSuspendAll   tasks.o
    0x08007e8c   0x08007e8c   0x0000005c   Code   RO         6697    i.vTaskSwitchContext  tasks.o
    0x08007ee8   0x08007ee8   0x000000f4   Code   RO         7576    i.xPortStartScheduler  port.o
    0x08007fdc   0x08007fdc   0x0000002c   Code   RO         7577    i.xPortSysTickHandler  port.o
    0x08008008   0x08008008   0x00000066   Code   RO         6346    i.xQueueGenericCreateStatic  queue.o
    0x0800806e   0x0800806e   0x00000002   PAD
    0x08008070   0x08008070   0x00000088   Code   RO         6347    i.xQueueGenericReset  queue.o
    0x080080f8   0x080080f8   0x00000160   Code   RO         6348    i.xQueueGenericSend  queue.o
    0x08008258   0x08008258   0x000000bc   Code   RO         6349    i.xQueueGenericSendFromISR  queue.o
    0x08008314   0x08008314   0x00000138   Code   RO         6357    i.xQueueReceive     queue.o
    0x0800844c   0x0800844c   0x00000088   Code   RO         6699    i.xTaskCheckForTimeOut  tasks.o
    0x080084d4   0x080084d4   0x0000005a   Code   RO         6700    i.xTaskCreate       tasks.o
    0x0800852e   0x0800852e   0x00000056   Code   RO         6701    i.xTaskCreateStatic  tasks.o
    0x08008584   0x08008584   0x0000001c   Code   RO         6706    i.xTaskGetSchedulerState  tasks.o
    0x080085a0   0x080085a0   0x0000000c   Code   RO         6707    i.xTaskGetTickCount  tasks.o
    0x080085ac   0x080085ac   0x000000c8   Code   RO         6709    i.xTaskIncrementTick  tasks.o
    0x08008674   0x08008674   0x00000098   Code   RO         6712    i.xTaskPriorityDisinherit  tasks.o
    0x0800870c   0x0800870c   0x00000074   Code   RO         6714    i.xTaskRemoveFromEventList  tasks.o
    0x08008780   0x08008780   0x000000c4   Code   RO         6715    i.xTaskResumeAll    tasks.o
    0x08008844   0x08008844   0x00000060   Code   RO         7009    i.xTimerCreateTimerTask  timers.o
    0x080088a4   0x080088a4   0x00000068   Code   RO         7010    i.xTimerGenericCommand  timers.o
    0x0800890c   0x0800890c   0x0000000a   Code   RO        10277    x$fpl$fpinit        g_wm.l(fpinit.o)
    0x08008916   0x08008916   0x00000002   PAD
    0x08008918   0x08008918   0x00000054   Data   RO          339    .constdata          freertos.o
    0x0800896c   0x0800896c   0x00000008   Data   RO         2444    .constdata          stm32f4xx_hal_dma.o
    0x08008974   0x08008974   0x00000010   Data   RO         6153    .constdata          system_stm32f4xx.o
    0x08008984   0x08008984   0x00000008   Data   RO         6154    .constdata          system_stm32f4xx.o
    0x0800898c   0x0800898c   0x00000024   Data   RO         8353    .constdata          shoot_task.o
    0x080089b0   0x080089b0   0x0000001d   Data   RO          340    .conststring        freertos.o
    0x080089cd   0x080089cd   0x00000003   PAD
    0x080089d0   0x080089d0   0x00000020   Data   RO        10382    Region$$Table       anon$$obj.o


    Execution Region RW_IRAM2 (Exec base: 0x10000000, Load base: 0x08008ad4, Size: 0x00000000, Max: 0x00010000, ABSOLUTE)

    **** No section assigned to this execution region ****


    Execution Region RW_IRAM1 (Exec base: 0x20000000, Load base: 0x080089f0, Size: 0x0000d020, Max: 0x00020000, ABSOLUTE, COMPRESSED[0x000000e4])

    Exec Addr    Load Addr    Size         Type   Attr      Idx    E Section Name        Object

    0x20000000   COMPRESSED   0x0000000c   Data   RW          341    .data               freertos.o
    0x2000000c   COMPRESSED   0x00000004   Data   RW          456    .data               can.o
    0x20000010   COMPRESSED   0x00000008   Data   RW          503    .data               crc.o
    0x20000018   COMPRESSED   0x0000001c   Data   RW         1131    .data               usbd_desc.o
    0x20000034   COMPRESSED   0x00000032   Data   RW         1132    .data               usbd_desc.o
    0x20000066   COMPRESSED   0x00000002   PAD
    0x20000068   COMPRESSED   0x00000010   Data   RW         1214    .data               usbd_cdc_if.o
    0x20000078   COMPRESSED   0x0000000c   Data   RW         2871    .data               stm32f4xx_hal.o
    0x20000084   COMPRESSED   0x00000004   Data   RW         6155    .data               system_stm32f4xx.o
    0x20000088   COMPRESSED   0x0000003c   Data   RW         6718    .data               tasks.o
    0x200000c4   COMPRESSED   0x00000014   Data   RW         7018    .data               timers.o
    0x200000d8   COMPRESSED   0x00000018   Data   RW         7527    .data               heap_4.o
    0x200000f0   COMPRESSED   0x0000000c   Data   RW         7578    .data               port.o
    0x200000fc   COMPRESSED   0x00000001   Data   RW         7794    .data               usbd_ctlreq.o
    0x200000fd   COMPRESSED   0x00000003   PAD
    0x20000100   COMPRESSED   0x000000d7   Data   RW         7926    .data               usbd_cdc.o
    0x200001d7   COMPRESSED   0x00000001   PAD
    0x200001d8   COMPRESSED   0x00000038   Data   RW         7927    .data               usbd_cdc.o
    0x20000210   COMPRESSED   0x00000008   Data   RW         8019    .data               chassis_task.o
    0x20000218   COMPRESSED   0x00000004   Data   RW         8164    .data               remote_control.o
    0x2000021c   COMPRESSED   0x00000011   Data   RW         8246    .data               can_receive.o
    0x2000022d   COMPRESSED   0x00000003   PAD
    0x20000230   COMPRESSED   0x00000038   Data   RW         8355    .data               shoot_task.o
    0x20000268   COMPRESSED   0x00000008   Data   RW         8688    .data               bsp_delay.o
    0x20000270   COMPRESSED   0x00000001   Data   RW         9059    .data               bsp_servo_pwm.o
    0x20000271   COMPRESSED   0x00000003   PAD
    0x20000274        -       0x000006a8   Zero   RW          338    .bss                freertos.o
    0x2000091c        -       0x00000090   Zero   RW          407    .bss                adc.o
    0x200009ac        -       0x00000050   Zero   RW          455    .bss                can.o
    0x200009fc        -       0x0000015c   Zero   RW          571    .bss                i2c.o
    0x20000b58        -       0x00000010   Zero   RW          623    .bss                rng.o
    0x20000b68        -       0x00000020   Zero   RW          665    .bss                rtc.o
    0x20000b88        -       0x00000118   Zero   RW          707    .bss                spi.o
    0x20000ca0        -       0x00000180   Zero   RW          755    .bss                tim.o
    0x20000e20        -       0x00000240   Zero   RW          829    .bss                usart.o
    0x20001060        -       0x0000029c   Zero   RW          880    .bss                usb_device.o
    0x200012fc        -       0x00000408   Zero   RW          956    .bss                usbd_conf.o
    0x20001704        -       0x00000200   Zero   RW         1130    .bss                usbd_desc.o
    0x20001904        -       0x00001000   Zero   RW         1213    .bss                usbd_cdc_if.o
    0x20002904        -       0x00000040   Zero   RW         6360    .bss                queue.o
    0x20002944        -       0x000000f0   Zero   RW         6717    .bss                tasks.o
    0x20002a34        -       0x00000110   Zero   RW         7017    .bss                timers.o
    0x20002b44        -       0x00006000   Zero   RW         7526    .bss                heap_4.o
    0x20008b44        -       0x00000088   Zero   RW         8162    .bss                remote_control.o
    0x20008bcc        -       0x00000080   Zero   RW         8245    .bss                can_receive.o
    0x20008c4c        -       0x00000370   Zero   RW         8352    .bss                shoot_task.o
    0x20008fbc        -       0x00000060   Zero   RW        10232    .bss                c_w.l(libspace.o)
    0x2000901c   COMPRESSED   0x00000004   PAD
    0x20009020        -       0x00002000   Zero   RW            2    HEAP                startup_stm32f407xx.o
    0x2000b020        -       0x00002000   Zero   RW            1    STACK               startup_stm32f407xx.o


==============================================================================

Image component sizes


      Code (inc. data)   RO Data    RW Data    ZI Data      Debug   Object Name

       324         40          0          0        144       2162   adc.o
         0          0          0          0          0     592336   bsp_adc.o
        88          8          0          0          0        554   bsp_can.o
        92         18          0          8          0       1236   bsp_delay.o
        88         14          0          0          0        518   bsp_i2c.o
        32         10          0          0          0        847   bsp_laser.o
        96         12          0          0          0        958   bsp_rc.o
       128         12          0          1          0        840   bsp_servo_pwm.o
       172         24          0          0          0       1588   bsp_usart.o
       388         42          0          4         80       2290   can.o
       252         38          0         17        128       4300   can_receive.o
       252         16          0          8          0     600057   chassis_task.o
       120          0          0          0          0      22001   cmsis_os.o
        76         18          0          8          0       1375   crc.o
       156          4          0          0          0        782   dma.o
         0          0          0          0          0      17704   event_groups.o
       142         20        113         12       1704       3193   freertos.o
       464         30          0          0          0       1175   gpio.o
       460         24          0         24      24576       4603   heap_4.o
       536         84          0          0        348       2940   i2c.o
       138          0          0          0          0       3374   list.o
       358         22          0          0          0     786592   main.o
       388          8          0          0          0       2378   pid.o
       786         82          0         12          0      11613   port.o
      1500         20          0          0         64      14268   queue.o
       468         42          0          4        136       9316   remote_control.o
        76         18          0          0         16       1375   rng.o
        80         18          0          0         32       1327   rtc.o
      1848        150         36         56        880      10031   shoot_task.o
       324         34          0          0        280       1759   spi.o
        64         26        392          0      16384        816   startup_stm32f407xx.o
       180         28          0         12          0       4377   stm32f4xx_hal.o
       712         28          0          0          0       2771   stm32f4xx_hal_adc.o
      1658          6          0          0          0      13699   stm32f4xx_hal_can.o
       198         14          0          0          0      33775   stm32f4xx_hal_cortex.o
        38          0          0          0          0        995   stm32f4xx_hal_crc.o
       752         16          8          0          0       3928   stm32f4xx_hal_dma.o
       468         50          0          0          0       3456   stm32f4xx_hal_gpio.o
       372         16          0          0          0       2883   stm32f4xx_hal_i2c.o
        56          4          0          0          0        782   stm32f4xx_hal_msp.o
      2372         18          0          0          0      12497   stm32f4xx_hal_pcd.o
        78          0          0          0          0       2289   stm32f4xx_hal_pcd_ex.o
      1276         86          0          0          0       5428   stm32f4xx_hal_rcc.o
       316         20          0          0          0       1336   stm32f4xx_hal_rcc_ex.o
        50          0          0          0          0       1019   stm32f4xx_hal_rng.o
       284          6          0          0          0       2748   stm32f4xx_hal_rtc.o
       128          0          0          0          0       1107   stm32f4xx_hal_spi.o
      1356         90          0          0          0      12813   stm32f4xx_hal_tim.o
       150          0          0          0          0       2060   stm32f4xx_hal_tim_ex.o
       782          8          0          0          0       1948   stm32f4xx_hal_uart.o
       132         36          0          0          0       7395   stm32f4xx_it.o
      2546        140          0          0          0      21915   stm32f4xx_ll_usb.o
         0          0          0          0          0        384   stream_buffer.o
        84         18         24          4          0       1075   system_stm32f4xx.o
      2136        158          0         60        240      23220   tasks.o
      1588        134          0          0        384       6299   tim.o
       912         82          0         20        272      25927   timers.o
       732         78          0          0        576       3375   usart.o
        84         18          0          0        668       2427   usb_device.o
       676         16          0        271          0      12236   usbd_cdc.o
        68         16          0         16       4096       2458   usbd_cdc_if.o
       634         20          0          0       1032      14156   usbd_conf.o
       696          0          0          0          0      11801   usbd_core.o
      1186         28          0          1          0       7860   usbd_ctlreq.o
       288        104          0         78        512       5637   usbd_desc.o
       132          0          0          0          0       4312   usbd_ioreq.o
        72          0          0          0          0        854   user_lib.o

    ----------------------------------------------------------------------
     33144       2072        608        628      52552    2365550   Object Totals
         0          0         32          0          0          0   (incl. Generated)
        56          0          3         12          0          0   (incl. Padding)

    ----------------------------------------------------------------------

      Code (inc. data)   RO Data    RW Data    ZI Data      Debug   Library Member Name

        90          0          0          0          0          0   __dczerorl2.o
         8          0          0          0          0         68   __main.o
         0          0          0          0          0          0   __rtentry.o
        12          0          0          0          0          0   __rtentry2.o
         6          0          0          0          0          0   __rtentry4.o
        52          8          0          0          0          0   __scatter.o
        28          0          0          0          0          0   __scatter_zi.o
        16          0          0          0          0         68   aeabi_memset.o
        10          0          0          0          0         68   defsig_exit.o
        50          0          0          0          0         88   defsig_general.o
        80         58          0          0          0         76   defsig_rtmem_inner.o
        14          0          0          0          0         80   defsig_rtmem_outer.o
        18          0          0          0          0         80   exit.o
        94          0          0          0          0         80   h1_alloc.o
        52          0          0          0          0         68   h1_extend.o
        78          0          0          0          0         80   h1_free.o
        14          0          0          0          0         84   h1_init.o
         6          0          0          0          0        152   heapauxi.o
         4          0          0          0          0        136   hguard.o
         0          0          0          0          0          0   indicate_semi.o
       138          0          0          0          0        168   init_alloc.o
         2          0          0          0          0          0   libinit.o
        14          0          0          0          0          0   libinit2.o
         2          0          0          0          0          0   libshutdown.o
         2          0          0          0          0          0   libshutdown2.o
         8          4          0          0         96         68   libspace.o
       238          0          0          0          0        100   lludivv7m.o
         0          0          0          0          0          0   maybetermalloc1.o
         8          4          0          0          0         68   rt_heap_descriptor_intlibspace.o
        68          0          0          0          0         68   rt_memclr.o
        78          0          0          0          0         80   rt_memclr_w.o
       138          0          0          0          0         68   rt_memcpy_v6.o
       100          0          0          0          0         80   rt_memcpy_w.o
         2          0          0          0          0          0   rtexit.o
        10          0          0          0          0          0   rtexit2.o
        12          4          0          0          0         68   sys_exit.o
        74          0          0          0          0         80   sys_stackheap_outer.o
        14          0          0          0          0         76   sys_wrch.o
         2          0          0          0          0         68   use_no_semi.o
        10          0          0          0          0        116   fpinit.o

    ----------------------------------------------------------------------
      1560         78          0          0        100       2236   Library Totals
         8          0          0          0          4          0   (incl. Padding)

    ----------------------------------------------------------------------

      Code (inc. data)   RO Data    RW Data    ZI Data      Debug   Library Name

      1542         78          0          0         96       2120   c_w.l
        10          0          0          0          0        116   g_wm.l

    ----------------------------------------------------------------------
      1560         78          0          0        100       2236   Library Totals

    ----------------------------------------------------------------------

==============================================================================


      Code (inc. data)   RO Data    RW Data    ZI Data      Debug   

     34704       2150        608        628      52652    2332042   Grand Totals
     34704       2150        608        228      52652    2332042   ELF Image Totals (compressed)
     34704       2150        608        228          0          0   ROM Totals

==============================================================================

    Total RO  Size (Code + RO Data)                35312 (  34.48kB)
    Total RW  Size (RW Data + ZI Data)             53280 (  52.03kB)
    Total ROM Size (Code + RO Data + RW Data)      35540 (  34.71kB)

==============================================================================

